../Drivers/STM32F4xx_HAL_Driver/Inc/tm_stm32_spi.h:404:25:TM_SPI_Send	16	static
../Drivers/STM32F4xx_HAL_Driver/Src/tm_stm32_lis302dl_lis3dsh.c:35:30:TM_LIS302DL_LIS3DSH_Detect	16	static
../Drivers/STM32F4xx_HAL_Driver/Src/tm_stm32_lis302dl_lis3dsh.c:60:30:TM_LIS302DL_LIS3DSH_Init	16	static
../Drivers/STM32F4xx_HAL_Driver/Src/tm_stm32_lis302dl_lis3dsh.c:84:30:TM_LIS302DL_LIS3DSH_ReadAxes	16	static
../Drivers/STM32F4xx_HAL_Driver/Src/tm_stm32_lis302dl_lis3dsh.c:101:6:TM_LIS302DL_LIS3DSH_INT_InitPins	16	static
../Drivers/STM32F4xx_HAL_Driver/Src/tm_stm32_lis302dl_lis3dsh.c:123:6:TM_LIS302DL_LIS3DSH_INT_WriteSPI	16	static
../Drivers/STM32F4xx_HAL_Driver/Src/tm_stm32_lis302dl_lis3dsh.c:142:6:TM_LIS302DL_LIS3DSH_INT_ReadSPI	16	static
../Drivers/STM32F4xx_HAL_Driver/Src/tm_stm32_lis302dl_lis3dsh.c:163:6:TM_LIS302DL_LIS3DSH_INT_InitLIS3DSH	24	static
../Drivers/STM32F4xx_HAL_Driver/Src/tm_stm32_lis302dl_lis3dsh.c:217:6:TM_LIS302DL_LIS3DSH_INT_InitLIS302DL	24	static
../Drivers/STM32F4xx_HAL_Driver/Src/tm_stm32_lis302dl_lis3dsh.c:260:6:TM_LIS3DSH_INT_ReadAxes	24	static
../Drivers/STM32F4xx_HAL_Driver/Src/tm_stm32_lis302dl_lis3dsh.c:276:6:TM_LIS302DL_INT_ReadAxes	24	static
../Drivers/STM32F4xx_HAL_Driver/Src/tm_stm32_lis302dl_lis3dsh.c:294:6:TM_LIS302DL_LIS3DSH_INT_Delay	16	static
