../Drivers/STM32F4xx_HAL_Driver/Src/tm_stm32_delay.c:41:10:TM_DELAY_Init	16	static,ignoring_inline_asm
../Drivers/STM32F4xx_HAL_Driver/Src/tm_stm32_delay.c:71:19:TM_DELAY_TimerCreate	32	static
../Drivers/STM32F4xx_HAL_Driver/Src/tm_stm32_delay.c:102:6:TM_DELAY_TimerDelete	32	static,ignoring_inline_asm
../Drivers/STM32F4xx_HAL_Driver/Src/tm_stm32_delay.c:146:19:TM_DELAY_TimerStop	16	static
../Drivers/STM32F4xx_HAL_Driver/Src/tm_stm32_delay.c:154:19:TM_DELAY_TimerStart	16	static
../Drivers/STM32F4xx_HAL_Driver/Src/tm_stm32_delay.c:162:19:TM_DELAY_TimerReset	16	static
../Drivers/STM32F4xx_HAL_Driver/Src/tm_stm32_delay.c:170:19:TM_DELAY_TimerAutoReloadCommand	16	static
../Drivers/STM32F4xx_HAL_Driver/Src/tm_stm32_delay.c:178:19:TM_DELAY_TimerAutoReloadValue	16	static
../Drivers/STM32F4xx_HAL_Driver/Src/tm_stm32_delay.c:187:13:TM_DELAY_1msHandler	4	static
../Drivers/STM32F4xx_HAL_Driver/Src/tm_stm32_delay.c:198:6:HAL_IncTick	16	static
../Drivers/STM32F4xx_HAL_Driver/Src/tm_stm32_delay.c:243:6:HAL_Delay	24	static,ignoring_inline_asm
../Drivers/STM32F4xx_HAL_Driver/Src/tm_stm32_delay.c:268:10:HAL_GetTick	4	static
