../Drivers/STM32F4xx_HAL_Driver/Src/tm_stm32_spi.c:51:6:TM_SPI_Init	24	static
../Drivers/STM32F4xx_HAL_Driver/Src/tm_stm32_spi.c:85:6:TM_SPI_InitWithMode	24	static
../Drivers/STM32F4xx_HAL_Driver/Src/tm_stm32_spi.c:119:6:TM_SPI_InitFull	24	static
../Drivers/STM32F4xx_HAL_Driver/Src/tm_stm32_spi.c:160:10:TM_SPI_GetPrescalerFromMaxFrequency	24	static
../Drivers/STM32F4xx_HAL_Driver/Src/tm_stm32_spi.c:203:19:TM_SPI_SetDataSize	24	static
../Drivers/STM32F4xx_HAL_Driver/Src/tm_stm32_spi.c:242:6:TM_SPI_SendMulti	24	static
../Drivers/STM32F4xx_HAL_Driver/Src/tm_stm32_spi.c:261:6:TM_SPI_WriteMulti	24	static
../Drivers/STM32F4xx_HAL_Driver/Src/tm_stm32_spi.c:280:6:TM_SPI_ReadMulti	24	static
../Drivers/STM32F4xx_HAL_Driver/Src/tm_stm32_spi.c:299:6:TM_SPI_SendMulti16	24	static
../Drivers/STM32F4xx_HAL_Driver/Src/tm_stm32_spi.c:318:6:TM_SPI_WriteMulti16	24	static
../Drivers/STM32F4xx_HAL_Driver/Src/tm_stm32_spi.c:337:6:TM_SPI_ReadMulti16	24	static
../Drivers/STM32F4xx_HAL_Driver/Src/tm_stm32_spi.c:359:13:TM_SPI_InitCustomPinsCallback	16	static
../Drivers/STM32F4xx_HAL_Driver/Src/tm_stm32_spi.c:366:13:TM_SPIx_Init	120	static
../Drivers/STM32F4xx_HAL_Driver/Src/tm_stm32_spi.c:492:6:TM_SPI1_INT_InitPins	24	static
../Drivers/STM32F4xx_HAL_Driver/Src/tm_stm32_spi.c:512:6:TM_SPI2_INT_InitPins	24	static
../Drivers/STM32F4xx_HAL_Driver/Src/tm_stm32_spi.c:544:6:TM_SPI3_INT_InitPins	24	static
