Archive member included to satisfy reference by file (symbol)

C:/ST/STM32CubeIDE_1.15.0/STM32CubeIDE/plugins/com.st.stm32cube.ide.mcu.externaltools.gnu-tools-for-stm32.12.3.rel1.win32_1.0.100.202403111256/tools/bin/../lib/gcc/arm-none-eabi/12.3.1/../../../../arm-none-eabi/lib/thumb/v7e-m+fp/hard\libc_nano.a(libc_a-exit.o)
                              C:/ST/STM32CubeIDE_1.15.0/STM32CubeIDE/plugins/com.st.stm32cube.ide.mcu.externaltools.gnu-tools-for-stm32.12.3.rel1.win32_1.0.100.202403111256/tools/bin/../lib/gcc/arm-none-eabi/12.3.1/../../../../arm-none-eabi/lib/thumb/v7e-m+fp/hard/crt0.o (exit)
C:/ST/STM32CubeIDE_1.15.0/STM32CubeIDE/plugins/com.st.stm32cube.ide.mcu.externaltools.gnu-tools-for-stm32.12.3.rel1.win32_1.0.100.202403111256/tools/bin/../lib/gcc/arm-none-eabi/12.3.1/../../../../arm-none-eabi/lib/thumb/v7e-m+fp/hard\libc_nano.a(libc_a-malloc.o)
                              ./Drivers/STM32F4xx_HAL_Driver/Src/tm_stm32_delay.o (malloc)
C:/ST/STM32CubeIDE_1.15.0/STM32CubeIDE/plugins/com.st.stm32cube.ide.mcu.externaltools.gnu-tools-for-stm32.12.3.rel1.win32_1.0.100.202403111256/tools/bin/../lib/gcc/arm-none-eabi/12.3.1/../../../../arm-none-eabi/lib/thumb/v7e-m+fp/hard\libc_nano.a(libc_a-mallocr.o)
                              C:/ST/STM32CubeIDE_1.15.0/STM32CubeIDE/plugins/com.st.stm32cube.ide.mcu.externaltools.gnu-tools-for-stm32.12.3.rel1.win32_1.0.100.202403111256/tools/bin/../lib/gcc/arm-none-eabi/12.3.1/../../../../arm-none-eabi/lib/thumb/v7e-m+fp/hard\libc_nano.a(libc_a-malloc.o) (_malloc_r)
C:/ST/STM32CubeIDE_1.15.0/STM32CubeIDE/plugins/com.st.stm32cube.ide.mcu.externaltools.gnu-tools-for-stm32.12.3.rel1.win32_1.0.100.202403111256/tools/bin/../lib/gcc/arm-none-eabi/12.3.1/../../../../arm-none-eabi/lib/thumb/v7e-m+fp/hard\libc_nano.a(libc_a-mlock.o)
                              C:/ST/STM32CubeIDE_1.15.0/STM32CubeIDE/plugins/com.st.stm32cube.ide.mcu.externaltools.gnu-tools-for-stm32.12.3.rel1.win32_1.0.100.202403111256/tools/bin/../lib/gcc/arm-none-eabi/12.3.1/../../../../arm-none-eabi/lib/thumb/v7e-m+fp/hard\libc_nano.a(libc_a-mallocr.o) (__malloc_lock)
C:/ST/STM32CubeIDE_1.15.0/STM32CubeIDE/plugins/com.st.stm32cube.ide.mcu.externaltools.gnu-tools-for-stm32.12.3.rel1.win32_1.0.100.202403111256/tools/bin/../lib/gcc/arm-none-eabi/12.3.1/../../../../arm-none-eabi/lib/thumb/v7e-m+fp/hard\libc_nano.a(libc_a-findfp.o)
                              C:/ST/STM32CubeIDE_1.15.0/STM32CubeIDE/plugins/com.st.stm32cube.ide.mcu.externaltools.gnu-tools-for-stm32.12.3.rel1.win32_1.0.100.202403111256/tools/bin/../lib/gcc/arm-none-eabi/12.3.1/../../../../arm-none-eabi/lib/thumb/v7e-m+fp/hard\libc_nano.a(libc_a-exit.o) (__stdio_exit_handler)
C:/ST/STM32CubeIDE_1.15.0/STM32CubeIDE/plugins/com.st.stm32cube.ide.mcu.externaltools.gnu-tools-for-stm32.12.3.rel1.win32_1.0.100.202403111256/tools/bin/../lib/gcc/arm-none-eabi/12.3.1/../../../../arm-none-eabi/lib/thumb/v7e-m+fp/hard\libc_nano.a(libc_a-fwalk.o)
                              C:/ST/STM32CubeIDE_1.15.0/STM32CubeIDE/plugins/com.st.stm32cube.ide.mcu.externaltools.gnu-tools-for-stm32.12.3.rel1.win32_1.0.100.202403111256/tools/bin/../lib/gcc/arm-none-eabi/12.3.1/../../../../arm-none-eabi/lib/thumb/v7e-m+fp/hard\libc_nano.a(libc_a-findfp.o) (_fwalk_sglue)
C:/ST/STM32CubeIDE_1.15.0/STM32CubeIDE/plugins/com.st.stm32cube.ide.mcu.externaltools.gnu-tools-for-stm32.12.3.rel1.win32_1.0.100.202403111256/tools/bin/../lib/gcc/arm-none-eabi/12.3.1/../../../../arm-none-eabi/lib/thumb/v7e-m+fp/hard\libc_nano.a(libc_a-stdio.o)
                              C:/ST/STM32CubeIDE_1.15.0/STM32CubeIDE/plugins/com.st.stm32cube.ide.mcu.externaltools.gnu-tools-for-stm32.12.3.rel1.win32_1.0.100.202403111256/tools/bin/../lib/gcc/arm-none-eabi/12.3.1/../../../../arm-none-eabi/lib/thumb/v7e-m+fp/hard\libc_nano.a(libc_a-findfp.o) (__sread)
C:/ST/STM32CubeIDE_1.15.0/STM32CubeIDE/plugins/com.st.stm32cube.ide.mcu.externaltools.gnu-tools-for-stm32.12.3.rel1.win32_1.0.100.202403111256/tools/bin/../lib/gcc/arm-none-eabi/12.3.1/../../../../arm-none-eabi/lib/thumb/v7e-m+fp/hard\libc_nano.a(libc_a-memset.o)
                              C:/ST/STM32CubeIDE_1.15.0/STM32CubeIDE/plugins/com.st.stm32cube.ide.mcu.externaltools.gnu-tools-for-stm32.12.3.rel1.win32_1.0.100.202403111256/tools/bin/../lib/gcc/arm-none-eabi/12.3.1/../../../../arm-none-eabi/lib/thumb/v7e-m+fp/hard/crt0.o (memset)
C:/ST/STM32CubeIDE_1.15.0/STM32CubeIDE/plugins/com.st.stm32cube.ide.mcu.externaltools.gnu-tools-for-stm32.12.3.rel1.win32_1.0.100.202403111256/tools/bin/../lib/gcc/arm-none-eabi/12.3.1/../../../../arm-none-eabi/lib/thumb/v7e-m+fp/hard\libc_nano.a(libc_a-closer.o)
                              C:/ST/STM32CubeIDE_1.15.0/STM32CubeIDE/plugins/com.st.stm32cube.ide.mcu.externaltools.gnu-tools-for-stm32.12.3.rel1.win32_1.0.100.202403111256/tools/bin/../lib/gcc/arm-none-eabi/12.3.1/../../../../arm-none-eabi/lib/thumb/v7e-m+fp/hard\libc_nano.a(libc_a-stdio.o) (_close_r)
[...]
Memory Configuration

Name             Origin             Length             Attributes
CCMRAM           0x10000000         0x00010000         xrw
RAM              0x20000000         0x00020000         xrw
FLASH            0x08000000         0x00100000         xr
*default*        0x00000000         0xffffffff

Linker script and memory map

LOAD C:/ST/STM32CubeIDE_1.15.0/STM32CubeIDE/plugins/com.st.stm32cube.ide.mcu.externaltools.gnu-tools-for-stm32.12.3.rel1.win32_1.0.100.202403111256/tools/bin/../lib/gcc/arm-none-eabi/12.3.1/thumb/v7e-m+fp/hard/crti.o
LOAD C:/ST/STM32CubeIDE_1.15.0/STM32CubeIDE/plugins/com.st.stm32cube.ide.mcu.externaltools.gnu-tools-for-stm32.12.3.rel1.win32_1.0.100.202403111256/tools/bin/../lib/gcc/arm-none-eabi/12.3.1/thumb/v7e-m+fp/hard/crtbegin.o
LOAD C:/ST/STM32CubeIDE_1.15.0/STM32CubeIDE/plugins/com.st.stm32cube.ide.mcu.externaltools.gnu-tools-for-stm32.12.3.rel1.win32_1.0.100.202403111256/tools/bin/../lib/gcc/arm-none-eabi/12.3.1/../../../../arm-none-eabi/lib/thumb/v7e-m+fp/hard/crt0.o
LOAD ./Core/Src/main.o
LOAD ./Core/Src/stm32f4xx_hal_msp.o
LOAD ./Core/Src/stm32f4xx_it.o
LOAD ./Core/Src/syscalls.o
LOAD ./Core/Src/sysmem.o
LOAD ./Core/Src/system_stm32f4xx.o
LOAD ./Core/Startup/startup_stm32f407vgtx.o
LOAD ./Drivers/STM32F4xx_HAL_Driver/Src/stm32f4xx_hal.o
LOAD ./Drivers/STM32F4xx_HAL_Driver/Src/stm32f4xx_hal_cortex.o
LOAD ./Drivers/STM32F4xx_HAL_Driver/Src/stm32f4xx_hal_dma.o
LOAD ./Drivers/STM32F4xx_HAL_Driver/Src/stm32f4xx_hal_dma_ex.o
LOAD ./Drivers/STM32F4xx_HAL_Driver/Src/stm32f4xx_hal_exti.o
LOAD ./Drivers/STM32F4xx_HAL_Driver/Src/stm32f4xx_hal_flash.o
LOAD ./Drivers/STM32F4xx_HAL_Driver/Src/stm32f4xx_hal_flash_ex.o
LOAD ./Drivers/STM32F4xx_HAL_Driver/Src/stm32f4xx_hal_flash_ramfunc.o
LOAD ./Drivers/STM32F4xx_HAL_Driver/Src/stm32f4xx_hal_gpio.o
LOAD ./Drivers/STM32F4xx_HAL_Driver/Src/stm32f4xx_hal_hcd.o
LOAD ./Drivers/STM32F4xx_HAL_Driver/Src/stm32f4xx_hal_i2c.o
LOAD ./Drivers/STM32F4xx_HAL_Driver/Src/stm32f4xx_hal_i2c_ex.o
LOAD ./Drivers/STM32F4xx_HAL_Driver/Src/stm32f4xx_hal_i2s.o
LOAD ./Drivers/STM32F4xx_HAL_Driver/Src/stm32f4xx_hal_i2s_ex.o
LOAD ./Drivers/STM32F4xx_HAL_Driver/Src/stm32f4xx_hal_pwr.o
LOAD ./Drivers/STM32F4xx_HAL_Driver/Src/stm32f4xx_hal_pwr_ex.o
LOAD ./Drivers/STM32F4xx_HAL_Driver/Src/stm32f4xx_hal_rcc.o
LOAD ./Drivers/STM32F4xx_HAL_Driver/Src/stm32f4xx_hal_rcc_ex.o
LOAD ./Drivers/STM32F4xx_HAL_Driver/Src/stm32f4xx_hal_spi.o
LOAD ./Drivers/STM32F4xx_HAL_Driver/Src/stm32f4xx_hal_tim.o
LOAD ./Drivers/STM32F4xx_HAL_Driver/Src/stm32f4xx_hal_tim_ex.o
LOAD ./Drivers/STM32F4xx_HAL_Driver/Src/stm32f4xx_hal_uart.o
LOAD ./Drivers/STM32F4xx_HAL_Driver/Src/stm32f4xx_ll_usb.o
LOAD ./Drivers/STM32F4xx_HAL_Driver/Src/tm_stm32_delay.o
LOAD ./Drivers/STM32F4xx_HAL_Driver/Src/tm_stm32_disco.o
LOAD ./Drivers/STM32F4xx_HAL_Driver/Src/tm_stm32_gpio.o
LOAD ./Drivers/STM32F4xx_HAL_Driver/Src/tm_stm32_lis302dl_lis3dsh.o
LOAD ./Drivers/STM32F4xx_HAL_Driver/Src/tm_stm32_rcc.o
LOAD ./Drivers/STM32F4xx_HAL_Driver/Src/tm_stm32_spi.o
LOAD ./Middlewares/ST/STM32_USB_Host_Library/Class/CDC/Src/usbh_cdc.o
LOAD ./Middlewares/ST/STM32_USB_Host_Library/Core/Src/usbh_core.o
LOAD ./Middlewares/ST/STM32_USB_Host_Library/Core/Src/usbh_ctlreq.o
LOAD ./Middlewares/ST/STM32_USB_Host_Library/Core/Src/usbh_ioreq.o
LOAD ./Middlewares/ST/STM32_USB_Host_Library/Core/Src/usbh_pipes.o
LOAD ./USB_HOST/App/usb_host.o
LOAD ./USB_HOST/Target/usbh_conf.o
LOAD ./USB_HOST/Target/usbh_platform.o
START GROUP
LOAD C:/ST/STM32CubeIDE_1.15.0/STM32CubeIDE/plugins/com.st.stm32cube.ide.mcu.externaltools.gnu-tools-for-stm32.12.3.rel1.win32_1.0.100.202403111256/tools/bin/../lib/gcc/arm-none-eabi/12.3.1/../../../../arm-none-eabi/lib/thumb/v7e-m+fp/hard\libc_nano.a
LOAD C:/ST/STM32CubeIDE_1.15.0/STM32CubeIDE/plugins/com.st.stm32cube.ide.mcu.externaltools.gnu-tools-for-stm32.12.3.rel1.win32_1.0.100.202403111256/tools/bin/../lib/gcc/arm-none-eabi/12.3.1/../../../../arm-none-eabi/lib/thumb/v7e-m+fp/hard\libm.a
END GROUP
START GROUP
LOAD C:/ST/STM32CubeIDE_1.15.0/STM32CubeIDE/plugins/com.st.stm32cube.ide.mcu.externaltools.gnu-tools-for-stm32.12.3.rel1.win32_1.0.100.202403111256/tools/bin/../lib/gcc/arm-none-eabi/12.3.1/thumb/v7e-m+fp/hard\libgcc.a
LOAD C:/ST/STM32CubeIDE_1.15.0/STM32CubeIDE/plugins/com.st.stm32cube.ide.mcu.externaltools.gnu-tools-for-stm32.12.3.rel1.win32_1.0.100.202403111256/tools/bin/../lib/gcc/arm-none-eabi/12.3.1/../../../../arm-none-eabi/lib/thumb/v7e-m+fp/hard\libc_nano.a
END GROUP
START GROUP
LOAD C:/ST/STM32CubeIDE_1.15.0/STM32CubeIDE/plugins/com.st.stm32cube.ide.mcu.externaltools.gnu-tools-for-stm32.12.3.rel1.win32_1.0.100.202403111256/tools/bin/../lib/gcc/arm-none-eabi/12.3.1/thumb/v7e-m+fp/hard\libgcc.a
LOAD C:/ST/STM32CubeIDE_1.15.0/STM32CubeIDE/plugins/com.st.stm32cube.ide.mcu.externaltools.gnu-tools-for-stm32.12.3.rel1.win32_1.0.100.202403111256/tools/bin/../lib/gcc/arm-none-eabi/12.3.1/../../../../arm-none-eabi/lib/thumb/v7e-m+fp/hard\libc_nano.a
LOAD C:/ST/STM32CubeIDE_1.15.0/STM32CubeIDE/plugins/com.st.stm32cube.ide.mcu.externaltools.gnu-tools-for-stm32.12.3.rel1.win32_1.0.100.202403111256/tools/bin/../lib/gcc/arm-none-eabi/12.3.1/../../../../arm-none-eabi/lib/thumb/v7e-m+fp/hard\libnosys.a
END GROUP
START GROUP
LOAD C:/ST/STM32CubeIDE_1.15.0/STM32CubeIDE/plugins/com.st.stm32cube.ide.mcu.externaltools.gnu-tools-for-stm32.12.3.rel1.win32_1.0.100.202403111256/tools/bin/../lib/gcc/arm-none-eabi/12.3.1/thumb/v7e-m+fp/hard\libgcc.a
LOAD C:/ST/STM32CubeIDE_1.15.0/STM32CubeIDE/plugins/com.st.stm32cube.ide.mcu.externaltools.gnu-tools-for-stm32.12.3.rel1.win32_1.0.100.202403111256/tools/bin/../lib/gcc/arm-none-eabi/12.3.1/../../../../arm-none-eabi/lib/thumb/v7e-m+fp/hard\libc_nano.a
LOAD C:/ST/STM32CubeIDE_1.15.0/STM32CubeIDE/plugins/com.st.stm32cube.ide.mcu.externaltools.gnu-tools-for-stm32.12.3.rel1.win32_1.0.100.202403111256/tools/bin/../lib/gcc/arm-none-eabi/12.3.1/../../../../arm-none-eabi/lib/thumb/v7e-m+fp/hard\libnosys.a
END GROUP
LOAD C:/ST/STM32CubeIDE_1.15.0/STM32CubeIDE/plugins/com.st.stm32cube.ide.mcu.externaltools.gnu-tools-for-stm32.12.3.rel1.win32_1.0.100.202403111256/tools/bin/../lib/gcc/arm-none-eabi/12.3.1/thumb/v7e-m+fp/hard/crtend.o
LOAD C:/ST/STM32CubeIDE_1.15.0/STM32CubeIDE/plugins/com.st.stm32cube.ide.mcu.externaltools.gnu-tools-for-stm32.12.3.rel1.win32_1.0.100.202403111256/tools/bin/../lib/gcc/arm-none-eabi/12.3.1/thumb/v7e-m+fp/hard/crtn.o
                0x20020000                        _estack = (ORIGIN (RAM) + LENGTH (RAM))
                0x00000200                        _Min_Heap_Size = 0x200
                0x00000400                        _Min_Stack_Size = 0x400

.isr_vector     0x08000000      0x188
                0x08000000                        . = ALIGN (0x4)
 *(.isr_vector)
 .isr_vector    0x08000000      0x188 ./Core/Startup/startup_stm32f407vgtx.o
                0x08000000                g_pfnVectors
                0x08000188                        . = ALIGN (0x4)

.text           0x08000188     0xa254
                0x08000188                        . = ALIGN (0x4)
 *(.text)
 .text          0x08000188       0x40 C:/ST/STM32CubeIDE_1.15.0/STM32CubeIDE/plugins/com.st.stm32cube.ide.mcu.externaltools.gnu-tools-for-stm32.12.3.rel1.win32_1.0.100.202403111256/tools/bin/../lib/gcc/arm-none-eabi/12.3.1/thumb/v7e-m+fp/hard/crtbegin.o
 .text          0x080001c8       0x30 C:/ST/STM32CubeIDE_1.15.0/STM32CubeIDE/plugins/com.st.stm32cube.ide.mcu.externaltools.gnu-tools-for-stm32.12.3.rel1.win32_1.0.100.202403111256/tools/bin/../lib/gcc/arm-none-eabi/12.3.1/thumb/v7e-m+fp/hard\libgcc.a(_aeabi_uldivmod.o)
                0x080001c8                __aeabi_uldivmod
 .text          0x080001f8      0x2bc C:/ST/STM32CubeIDE_1.15.0/STM32CubeIDE/plugins/com.st.stm32cube.ide.mcu.externaltools.gnu-tools-for-stm32.12.3.rel1.win32_1.0.100.202403111256/tools/bin/../lib/gcc/arm-none-eabi/12.3.1/thumb/v7e-m+fp/hard\libgcc.a(_udivmoddi4.o)
                0x080001f8                __udivmoddi4
 .text          0x080004b4        0x4 C:/ST/STM32CubeIDE_1.15.0/STM32CubeIDE/plugins/com.st.stm32cube.ide.mcu.externaltools.gnu-tools-for-stm32.12.3.rel1.win32_1.0.100.202403111256/tools/bin/../lib/gcc/arm-none-eabi/12.3.1/thumb/v7e-m+fp/hard\libgcc.a(_dvmd_tls.o)
                0x080004b4                __aeabi_idiv0
                0x080004b4                __aeabi_ldiv0
 *(.text*)
 .text.Delayms  0x080004b8       0x16 ./Core/Src/main.o
 *fill*         0x080004ce        0x2 
 .text.main     0x080004d0      0x198 ./Core/Src/main.o
                0x080004d0                main
 .text.SystemClock_Config
                0x08000668       0xd4 ./Core/Src/main.o
                0x08000668                SystemClock_Config
 .text.MX_I2C1_Init
                0x0800073c       0x5c ./Core/Src/main.o
 .text.MX_I2S3_Init
                0x08000798       0x60 ./Core/Src/main.o
 .text.MX_SPI1_Init
                0x080007f8       0x6c ./Core/Src/main.o
 .text.MX_USART2_UART_Init
                0x08000864       0x54 ./Core/Src/main.o
 .text.MX_GPIO_Init
                0x080008b8      0x1e4 ./Core/Src/main.o
 .text.Error_Handler
                0x08000a9c        0xc ./Core/Src/main.o
                0x08000a9c                Error_Handler
 .text.HAL_MspInit
                0x08000aa8       0x50 ./Core/Src/stm32f4xx_hal_msp.o
                0x08000aa8                HAL_MspInit
 .text.HAL_I2C_MspInit
                0x08000af8       0x90 ./Core/Src/stm32f4xx_hal_msp.o
                0x08000af8                HAL_I2C_MspInit
 .text.HAL_I2S_MspInit
                0x08000b88      0x100 ./Core/Src/stm32f4xx_hal_msp.o
                0x08000b88                HAL_I2S_MspInit
 .text.HAL_SPI_MspInit
                0x08000c88       0x90 ./Core/Src/stm32f4xx_hal_msp.o
                0x08000c88                HAL_SPI_MspInit
 .text.HAL_UART_MspInit
                0x08000d18       0x90 ./Core/Src/stm32f4xx_hal_msp.o
                0x08000d18                HAL_UART_MspInit
 .text.NMI_Handler
                0x08000da8        0x8 ./Core/Src/stm32f4xx_it.o
                0x08000da8                NMI_Handler
 .text.HardFault_Handler
                0x08000db0        0x8 ./Core/Src/stm32f4xx_it.o
                0x08000db0                HardFault_Handler
 .text.MemManage_Handler
                0x08000db8        0x8 ./Core/Src/stm32f4xx_it.o
                0x08000db8                MemManage_Handler
 .text.BusFault_Handler
                0x08000dc0        0x8 ./Core/Src/stm32f4xx_it.o
                0x08000dc0                BusFault_Handler
 .text.UsageFault_Handler
                0x08000dc8        0x8 ./Core/Src/stm32f4xx_it.o
                0x08000dc8                UsageFault_Handler
 .text.SVC_Handler
                0x08000dd0        0xe ./Core/Src/stm32f4xx_it.o
                0x08000dd0                SVC_Handler
 .text.DebugMon_Handler
                0x08000dde        0xe ./Core/Src/stm32f4xx_it.o
                0x08000dde                DebugMon_Handler
 .text.PendSV_Handler
                0x08000dec        0xe ./Core/Src/stm32f4xx_it.o
                0x08000dec                PendSV_Handler
 .text.SysTick_Handler
                0x08000dfa        0xc ./Core/Src/stm32f4xx_it.o
                0x08000dfa                SysTick_Handler
 *fill*         0x08000e06        0x2 
 .text.OTG_FS_IRQHandler
                0x08000e08       0x14 ./Core/Src/stm32f4xx_it.o
                0x08000e08                OTG_FS_IRQHandler
 .text._sbrk    0x08000e1c       0x6c ./Core/Src/sysmem.o
                0x08000e1c                _sbrk
 .text.SystemInit
                0x08000e88       0x24 ./Core/Src/system_stm32f4xx.o
                0x08000e88                SystemInit
 .text.Reset_Handler
                0x08000eac       0x50 ./Core/Startup/startup_stm32f407vgtx.o
                0x08000eac                Reset_Handler
 .text.Default_Handler
                0x08000efc        0x2 ./Core/Startup/startup_stm32f407vgtx.o
                0x08000efc                RTC_Alarm_IRQHandler
                0x08000efc                HASH_RNG_IRQHandler
                0x08000efc                EXTI2_IRQHandler
                0x08000efc                TIM8_CC_IRQHandler
                0x08000efc                TIM1_CC_IRQHandler
                0x08000efc                DMA2_Stream5_IRQHandler
                0x08000efc                DMA1_Stream5_IRQHandler
                0x08000efc                PVD_IRQHandler
                0x08000efc                SDIO_IRQHandler
                0x08000efc                TAMP_STAMP_IRQHandler
                0x08000efc                CAN2_RX1_IRQHandler
                0x08000efc                EXTI3_IRQHandler
                0x08000efc                TIM8_TRG_COM_TIM14_IRQHandler
                0x08000efc                TIM1_UP_TIM10_IRQHandler
                0x08000efc                TIM8_UP_TIM13_IRQHandler
                0x08000efc                I2C3_ER_IRQHandler
                0x08000efc                EXTI0_IRQHandler
                0x08000efc                I2C2_EV_IRQHandler
                0x08000efc                DMA1_Stream2_IRQHandler
                0x08000efc                CAN1_RX0_IRQHandler
                0x08000efc                FPU_IRQHandler
                0x08000efc                OTG_HS_WKUP_IRQHandler
                0x08000efc                CAN2_SCE_IRQHandler
                0x08000efc                DMA2_Stream2_IRQHandler
                0x08000efc                SPI1_IRQHandler
                0x08000efc                TIM6_DAC_IRQHandler
                0x08000efc                TIM1_BRK_TIM9_IRQHandler
                0x08000efc                DCMI_IRQHandler
                0x08000efc                CAN2_RX0_IRQHandler
                0x08000efc                DMA2_Stream3_IRQHandler
                0x08000efc                USART6_IRQHandler
                0x08000efc                USART3_IRQHandler
                0x08000efc                CAN1_RX1_IRQHandler
                0x08000efc                UART5_IRQHandler
                0x08000efc                DMA2_Stream0_IRQHandler
                0x08000efc                TIM4_IRQHandler
                0x08000efc                I2C1_EV_IRQHandler
                0x08000efc                DMA1_Stream6_IRQHandler
                0x08000efc                DMA1_Stream1_IRQHandler
                0x08000efc                UART4_IRQHandler
                0x08000efc                TIM3_IRQHandler
                0x08000efc                RCC_IRQHandler
                0x08000efc                TIM8_BRK_TIM12_IRQHandler
                0x08000efc                Default_Handler
                0x08000efc                EXTI15_10_IRQHandler
                0x08000efc                ADC_IRQHandler
                0x08000efc                DMA1_Stream7_IRQHandler
                0x08000efc                TIM7_IRQHandler
                0x08000efc                CAN2_TX_IRQHandler
                0x08000efc                TIM5_IRQHandler
                0x08000efc                DMA2_Stream7_IRQHandler
                0x08000efc                I2C3_EV_IRQHandler
                0x08000efc                EXTI9_5_IRQHandler
                0x08000efc                RTC_WKUP_IRQHandler
                0x08000efc                ETH_WKUP_IRQHandler
                0x08000efc                SPI2_IRQHandler
                0x08000efc                OTG_HS_EP1_IN_IRQHandler
                0x08000efc                DMA1_Stream0_IRQHandler
                0x08000efc                CAN1_TX_IRQHandler
                0x08000efc                EXTI4_IRQHandler
                0x08000efc                FSMC_IRQHandler
                0x08000efc                ETH_IRQHandler
                0x08000efc                OTG_HS_EP1_OUT_IRQHandler
                0x08000efc                WWDG_IRQHandler
                0x08000efc                TIM2_IRQHandler
                0x08000efc                OTG_FS_WKUP_IRQHandler
                0x08000efc                TIM1_TRG_COM_TIM11_IRQHandler
                0x08000efc                OTG_HS_IRQHandler
                0x08000efc                EXTI1_IRQHandler
                0x08000efc                USART2_IRQHandler
                0x08000efc                I2C2_ER_IRQHandler
                0x08000efc                DMA2_Stream1_IRQHandler
                0x08000efc                CAN1_SCE_IRQHandler
                0x08000efc                FLASH_IRQHandler
                0x08000efc                DMA2_Stream4_IRQHandler
                0x08000efc                USART1_IRQHandler
                0x08000efc                SPI3_IRQHandler
                0x08000efc                DMA1_Stream4_IRQHandler
                0x08000efc                I2C1_ER_IRQHandler
                0x08000efc                DMA2_Stream6_IRQHandler
                0x08000efc                DMA1_Stream3_IRQHandler
 *fill*         0x08000efe        0x2 
 .text.HAL_Init
                0x08000f00       0x44 ./Drivers/STM32F4xx_HAL_Driver/Src/stm32f4xx_hal.o
                0x08000f00                HAL_Init
 .text.HAL_InitTick
                0x08000f44       0x60 ./Drivers/STM32F4xx_HAL_Driver/Src/stm32f4xx_hal.o
                0x08000f44                HAL_InitTick
 .text.__NVIC_SetPriorityGrouping
                0x08000fa4       0x48 ./Drivers/STM32F4xx_HAL_Driver/Src/stm32f4xx_hal_cortex.o
 .text.__NVIC_GetPriorityGrouping
                0x08000fec       0x1c ./Drivers/STM32F4xx_HAL_Driver/Src/stm32f4xx_hal_cortex.o
 .text.__NVIC_EnableIRQ
                0x08001008       0x3c ./Drivers/STM32F4xx_HAL_Driver/Src/stm32f4xx_hal_cortex.o
 .text.__NVIC_SetPriority
                0x08001044       0x54 ./Drivers/STM32F4xx_HAL_Driver/Src/stm32f4xx_hal_cortex.o
 .text.NVIC_EncodePriority
                0x08001098       0x66 ./Drivers/STM32F4xx_HAL_Driver/Src/stm32f4xx_hal_cortex.o
 *fill*         0x080010fe        0x2 
 .text.SysTick_Config
                0x08001100       0x44 ./Drivers/STM32F4xx_HAL_Driver/Src/stm32f4xx_hal_cortex.o
 .text.HAL_NVIC_SetPriorityGrouping
                0x08001144       0x16 ./Drivers/STM32F4xx_HAL_Driver/Src/stm32f4xx_hal_cortex.o
                0x08001144                HAL_NVIC_SetPriorityGrouping
 .text.HAL_NVIC_SetPriority
                0x0800115a       0x38 ./Drivers/STM32F4xx_HAL_Driver/Src/stm32f4xx_hal_cortex.o
                0x0800115a                HAL_NVIC_SetPriority
 .text.HAL_NVIC_EnableIRQ
                0x08001192       0x1c ./Drivers/STM32F4xx_HAL_Driver/Src/stm32f4xx_hal_cortex.o
                0x08001192                HAL_NVIC_EnableIRQ
 .text.HAL_SYSTICK_Config
                0x080011ae       0x18 ./Drivers/STM32F4xx_HAL_Driver/Src/stm32f4xx_hal_cortex.o
                0x080011ae                HAL_SYSTICK_Config
 *fill*         0x080011c6        0x2 
 .text.HAL_GPIO_Init
                0x080011c8      0x338 ./Drivers/STM32F4xx_HAL_Driver/Src/stm32f4xx_hal_gpio.o
                0x080011c8                HAL_GPIO_Init
 .text.HAL_GPIO_WritePin
                0x08001500       0x32 ./Drivers/STM32F4xx_HAL_Driver/Src/stm32f4xx_hal_gpio.o
                0x08001500                HAL_GPIO_WritePin
 .text.HAL_HCD_Init
                0x08001532       0xce ./Drivers/STM32F4xx_HAL_Driver/Src/stm32f4xx_hal_hcd.o
                0x08001532                HAL_HCD_Init
 .text.HAL_HCD_HC_Init
                0x08001600      0x170 ./Drivers/STM32F4xx_HAL_Driver/Src/stm32f4xx_hal_hcd.o
                0x08001600                HAL_HCD_HC_Init
 .text.HAL_HCD_HC_Halt
                0x08001770       0x46 ./Drivers/STM32F4xx_HAL_Driver/Src/stm32f4xx_hal_hcd.o
                0x08001770                HAL_HCD_HC_Halt
 *fill*         0x080017b6        0x2 
 .text.HAL_HCD_HC_SubmitRequest
                0x080017b8      0x33c ./Drivers/STM32F4xx_HAL_Driver/Src/stm32f4xx_hal_hcd.o
                0x080017b8                HAL_HCD_HC_SubmitRequest
 .text.HAL_HCD_IRQHandler
                0x08001af4      0x220 ./Drivers/STM32F4xx_HAL_Driver/Src/stm32f4xx_hal_hcd.o
                0x08001af4                HAL_HCD_IRQHandler
 .text.HAL_HCD_Start
                0x08001d14       0x46 ./Drivers/STM32F4xx_HAL_Driver/Src/stm32f4xx_hal_hcd.o
                0x08001d14                HAL_HCD_Start
 .text.HAL_HCD_Stop
                0x08001d5a       0x3a ./Drivers/STM32F4xx_HAL_Driver/Src/stm32f4xx_hal_hcd.o
                0x08001d5a                HAL_HCD_Stop
 .text.HAL_HCD_ResetPort
                0x08001d94       0x1c ./Drivers/STM32F4xx_HAL_Driver/Src/stm32f4xx_hal_hcd.o
                0x08001d94                HAL_HCD_ResetPort
 .text.HAL_HCD_HC_GetURBState
                0x08001db0       0x2a ./Drivers/STM32F4xx_HAL_Driver/Src/stm32f4xx_hal_hcd.o
                0x08001db0                HAL_HCD_HC_GetURBState
 .text.HAL_HCD_HC_GetXferCount
                0x08001dda       0x2a ./Drivers/STM32F4xx_HAL_Driver/Src/stm32f4xx_hal_hcd.o
                0x08001dda                HAL_HCD_HC_GetXferCount
 .text.HAL_HCD_GetCurrentFrame
                0x08001e04       0x1c ./Drivers/STM32F4xx_HAL_Driver/Src/stm32f4xx_hal_hcd.o
                0x08001e04                HAL_HCD_GetCurrentFrame
 .text.HAL_HCD_GetCurrentSpeed
                0x08001e20       0x1c ./Drivers/STM32F4xx_HAL_Driver/Src/stm32f4xx_hal_hcd.o
                0x08001e20                HAL_HCD_GetCurrentSpeed
 .text.HAL_HCD_HC_ClearHubInfo
                0x08001e3c       0x6a ./Drivers/STM32F4xx_HAL_Driver/Src/stm32f4xx_hal_hcd.o
                0x08001e3c                HAL_HCD_HC_ClearHubInfo
 .text.HCD_HC_IN_IRQHandler
                0x08001ea6      0xcd2 ./Drivers/STM32F4xx_HAL_Driver/Src/stm32f4xx_hal_hcd.o
 .text.HCD_HC_OUT_IRQHandler
                0x08002b78      0x94a ./Drivers/STM32F4xx_HAL_Driver/Src/stm32f4xx_hal_hcd.o
 .text.HCD_RXQLVL_IRQHandler
                0x080034c2      0x1be ./Drivers/STM32F4xx_HAL_Driver/Src/stm32f4xx_hal_hcd.o
 .text.HCD_Port_IRQHandler
                0x08003680       0xe6 ./Drivers/STM32F4xx_HAL_Driver/Src/stm32f4xx_hal_hcd.o
 *fill*         0x08003766        0x2 
 .text.HAL_I2C_Init
                0x08003768      0x288 ./Drivers/STM32F4xx_HAL_Driver/Src/stm32f4xx_hal_i2c.o
                0x08003768                HAL_I2C_Init
 .text.HAL_I2S_Init
                0x080039f0      0x280 ./Drivers/STM32F4xx_HAL_Driver/Src/stm32f4xx_hal_i2s.o
                0x080039f0                HAL_I2S_Init
 .text.HAL_I2S_TxCpltCallback
                0x08003c70       0x14 ./Drivers/STM32F4xx_HAL_Driver/Src/stm32f4xx_hal_i2s.o
                0x08003c70                HAL_I2S_TxCpltCallback
 .text.HAL_I2S_RxCpltCallback
                0x08003c84       0x14 ./Drivers/STM32F4xx_HAL_Driver/Src/stm32f4xx_hal_i2s.o
                0x08003c84                HAL_I2S_RxCpltCallback
 .text.HAL_I2S_ErrorCallback
                0x08003c98       0x14 ./Drivers/STM32F4xx_HAL_Driver/Src/stm32f4xx_hal_i2s.o
                0x08003c98                HAL_I2S_ErrorCallback
 .text.I2S_Transmit_IT
                0x08003cac       0x5c ./Drivers/STM32F4xx_HAL_Driver/Src/stm32f4xx_hal_i2s.o
 .text.I2S_Receive_IT
                0x08003d08       0x5e ./Drivers/STM32F4xx_HAL_Driver/Src/stm32f4xx_hal_i2s.o
 .text.I2S_IRQHandler
                0x08003d66      0x114 ./Drivers/STM32F4xx_HAL_Driver/Src/stm32f4xx_hal_i2s.o
 *fill*         0x08003e7a        0x2 
 .text.HAL_I2SEx_FullDuplex_IRQHandler
                0x08003e7c      0x2a8 ./Drivers/STM32F4xx_HAL_Driver/Src/stm32f4xx_hal_i2s_ex.o
                0x08003e7c                HAL_I2SEx_FullDuplex_IRQHandler
 .text.HAL_I2SEx_TxRxCpltCallback
                0x08004124       0x14 ./Drivers/STM32F4xx_HAL_Driver/Src/stm32f4xx_hal_i2s_ex.o
                0x08004124                HAL_I2SEx_TxRxCpltCallback
 .text.I2SEx_TxISR_I2S
                0x08004138       0x62 ./Drivers/STM32F4xx_HAL_Driver/Src/stm32f4xx_hal_i2s_ex.o
 *fill*         0x0800419a        0x2 
 .text.I2SEx_TxISR_I2SExt
                0x0800419c       0x98 ./Drivers/STM32F4xx_HAL_Driver/Src/stm32f4xx_hal_i2s_ex.o
 .text.I2SEx_RxISR_I2S
                0x08004234       0x64 ./Drivers/STM32F4xx_HAL_Driver/Src/stm32f4xx_hal_i2s_ex.o
 .text.I2SEx_RxISR_I2SExt
                0x08004298       0x98 ./Drivers/STM32F4xx_HAL_Driver/Src/stm32f4xx_hal_i2s_ex.o
 .text.HAL_RCC_OscConfig
                0x08004330      0x4f0 ./Drivers/STM32F4xx_HAL_Driver/Src/stm32f4xx_hal_rcc.o
                0x08004330                HAL_RCC_OscConfig
 .text.HAL_RCC_ClockConfig
                0x08004820      0x1cc ./Drivers/STM32F4xx_HAL_Driver/Src/stm32f4xx_hal_rcc.o
                0x08004820                HAL_RCC_ClockConfig
 .text.HAL_RCC_GetSysClockFreq
                0x080049ec      0x20c ./Drivers/STM32F4xx_HAL_Driver/Src/stm32f4xx_hal_rcc.o
                0x080049ec                HAL_RCC_GetSysClockFreq
 .text.HAL_RCC_GetHCLKFreq
                0x08004bf8       0x18 ./Drivers/STM32F4xx_HAL_Driver/Src/stm32f4xx_hal_rcc.o
                0x08004bf8                HAL_RCC_GetHCLKFreq
 .text.HAL_RCC_GetPCLK1Freq
                0x08004c10       0x28 ./Drivers/STM32F4xx_HAL_Driver/Src/stm32f4xx_hal_rcc.o
                0x08004c10                HAL_RCC_GetPCLK1Freq
 .text.HAL_RCC_GetPCLK2Freq
                0x08004c38       0x28 ./Drivers/STM32F4xx_HAL_Driver/Src/stm32f4xx_hal_rcc.o
                0x08004c38                HAL_RCC_GetPCLK2Freq
 .text.HAL_RCCEx_PeriphCLKConfig
                0x08004c60      0x1c4 ./Drivers/STM32F4xx_HAL_Driver/Src/stm32f4xx_hal_rcc_ex.o
                0x08004c60                HAL_RCCEx_PeriphCLKConfig
 .text.HAL_RCCEx_GetPeriphCLKFreq
                0x08004e24       0xc0 ./Drivers/STM32F4xx_HAL_Driver/Src/stm32f4xx_hal_rcc_ex.o
                0x08004e24                HAL_RCCEx_GetPeriphCLKFreq
 .text.HAL_SPI_Init
                0x08004ee4      0x112 ./Drivers/STM32F4xx_HAL_Driver/Src/stm32f4xx_hal_spi.o
                0x08004ee4                HAL_SPI_Init
 .text.HAL_UART_Init
                0x08004ff6       0xa0 ./Drivers/STM32F4xx_HAL_Driver/Src/stm32f4xx_hal_uart.o
                0x08004ff6                HAL_UART_Init
 .text.HAL_UART_Transmit
                0x08005096      0x116 ./Drivers/STM32F4xx_HAL_Driver/Src/stm32f4xx_hal_uart.o
                0x08005096                HAL_UART_Transmit
 .text.UART_WaitOnFlagUntilTimeout
                0x080051ac       0xb2 ./Drivers/STM32F4xx_HAL_Driver/Src/stm32f4xx_hal_uart.o
 .text.UART_EndRxTransfer
                0x0800525e       0xc6 ./Drivers/STM32F4xx_HAL_Driver/Src/stm32f4xx_hal_uart.o
 .text.UART_SetConfig
                0x08005324      0x4e8 ./Drivers/STM32F4xx_HAL_Driver/Src/stm32f4xx_hal_uart.o
 .text.USB_CoreInit
                0x0800580c       0xc8 ./Drivers/STM32F4xx_HAL_Driver/Src/stm32f4xx_ll_usb.o
                0x0800580c                USB_CoreInit
 .text.USB_EnableGlobalInt
                0x080058d4       0x22 ./Drivers/STM32F4xx_HAL_Driver/Src/stm32f4xx_ll_usb.o
                0x080058d4                USB_EnableGlobalInt
 .text.USB_DisableGlobalInt
                0x080058f6       0x22 ./Drivers/STM32F4xx_HAL_Driver/Src/stm32f4xx_ll_usb.o
                0x080058f6                USB_DisableGlobalInt
 .text.USB_SetCurrentMode
                0x08005918       0x98 ./Drivers/STM32F4xx_HAL_Driver/Src/stm32f4xx_ll_usb.o
                0x08005918                USB_SetCurrentMode
 .text.USB_FlushTxFifo
                0x080059b0       0x64 ./Drivers/STM32F4xx_HAL_Driver/Src/stm32f4xx_ll_usb.o
                0x080059b0                USB_FlushTxFifo
 .text.USB_FlushRxFifo
                0x08005a14       0x5c ./Drivers/STM32F4xx_HAL_Driver/Src/stm32f4xx_ll_usb.o
                0x08005a14                USB_FlushRxFifo
 .text.USB_WritePacket
                0x08005a70       0x7c ./Drivers/STM32F4xx_HAL_Driver/Src/stm32f4xx_ll_usb.o
                0x08005a70                USB_WritePacket
 .text.USB_ReadPacket
                0x08005aec       0xb0 ./Drivers/STM32F4xx_HAL_Driver/Src/stm32f4xx_ll_usb.o
                0x08005aec                USB_ReadPacket
 .text.USB_ReadInterrupts
                0x08005b9c       0x26 ./Drivers/STM32F4xx_HAL_Driver/Src/stm32f4xx_ll_usb.o
                0x08005b9c                USB_ReadInterrupts
 .text.USB_ReadChInterrupts
                0x08005bc2       0x42 ./Drivers/STM32F4xx_HAL_Driver/Src/stm32f4xx_ll_usb.o
                0x08005bc2                USB_ReadChInterrupts
 .text.USB_GetMode
                0x08005c04       0x1c ./Drivers/STM32F4xx_HAL_Driver/Src/stm32f4xx_ll_usb.o
                0x08005c04                USB_GetMode
 .text.USB_CoreReset
                0x08005c20       0x62 ./Drivers/STM32F4xx_HAL_Driver/Src/stm32f4xx_ll_usb.o
 *fill*         0x08005c82        0x2 
 .text.USB_HostInit
                0x08005c84      0x188 ./Drivers/STM32F4xx_HAL_Driver/Src/stm32f4xx_ll_usb.o
                0x08005c84                USB_HostInit
 .text.USB_InitFSLSPClkSel
                0x08005e0c       0x7a ./Drivers/STM32F4xx_HAL_Driver/Src/stm32f4xx_ll_usb.o
                0x08005e0c                USB_InitFSLSPClkSel
 .text.USB_ResetPort
                0x08005e86       0x54 ./Drivers/STM32F4xx_HAL_Driver/Src/stm32f4xx_ll_usb.o
                0x08005e86                USB_ResetPort
 .text.USB_DriveVbus
                0x08005eda       0x72 ./Drivers/STM32F4xx_HAL_Driver/Src/stm32f4xx_ll_usb.o
                0x08005eda                USB_DriveVbus
 .text.USB_GetHostSpeed
                0x08005f4c       0x2e ./Drivers/STM32F4xx_HAL_Driver/Src/stm32f4xx_ll_usb.o
                0x08005f4c                USB_GetHostSpeed
 .text.USB_GetCurrentFrame
                0x08005f7a       0x22 ./Drivers/STM32F4xx_HAL_Driver/Src/stm32f4xx_ll_usb.o
                0x08005f7a                USB_GetCurrentFrame
 .text.USB_HC_Init
                0x08005f9c      0x258 ./Drivers/STM32F4xx_HAL_Driver/Src/stm32f4xx_ll_usb.o
                0x08005f9c                USB_HC_Init
 .text.USB_HC_StartXfer
                0x080061f4      0x4f4 ./Drivers/STM32F4xx_HAL_Driver/Src/stm32f4xx_ll_usb.o
                0x080061f4                USB_HC_StartXfer
 .text.USB_HC_ReadInterrupt
                0x080066e8       0x22 ./Drivers/STM32F4xx_HAL_Driver/Src/stm32f4xx_ll_usb.o
                0x080066e8                USB_HC_ReadInterrupt
 .text.USB_HC_Halt
                0x0800670a      0x240 ./Drivers/STM32F4xx_HAL_Driver/Src/stm32f4xx_ll_usb.o
                0x0800670a                USB_HC_Halt
 *fill*         0x0800694a        0x2 
 .text.USB_DoPing
                0x0800694c       0x78 ./Drivers/STM32F4xx_HAL_Driver/Src/stm32f4xx_ll_usb.o
                0x0800694c                USB_DoPing
 .text.USB_StopHost
                0x080069c4      0x124 ./Drivers/STM32F4xx_HAL_Driver/Src/stm32f4xx_ll_usb.o
                0x080069c4                USB_StopHost
 .text.TM_DELAY_Init
                0x08006ae8       0x64 ./Drivers/STM32F4xx_HAL_Driver/Src/tm_stm32_delay.o
                0x08006ae8                TM_DELAY_Init
 .text.TM_DELAY_1msHandler
                0x08006b4c        0xe ./Drivers/STM32F4xx_HAL_Driver/Src/tm_stm32_delay.o
                0x08006b4c                TM_DELAY_1msHandler
 *fill*         0x08006b5a        0x2 
 .text.HAL_IncTick
                0x08006b5c      0x10c ./Drivers/STM32F4xx_HAL_Driver/Src/tm_stm32_delay.o
                0x08006b5c                HAL_IncTick
 .text.HAL_Delay
                0x08006c68       0x54 ./Drivers/STM32F4xx_HAL_Driver/Src/tm_stm32_delay.o
                0x08006c68                HAL_Delay
 .text.HAL_GetTick
                0x08006cbc       0x18 ./Drivers/STM32F4xx_HAL_Driver/Src/tm_stm32_delay.o
                0x08006cbc                HAL_GetTick
 .text.TM_DISCO_LedInit
                0x08006cd4       0x30 ./Drivers/STM32F4xx_HAL_Driver/Src/tm_stm32_disco.o
                0x08006cd4                TM_DISCO_LedInit
 .text.TM_GPIO_Init
                0x08006d04       0x46 ./Drivers/STM32F4xx_HAL_Driver/Src/tm_stm32_gpio.o
                0x08006d04                TM_GPIO_Init
 .text.TM_GPIO_InitAlternate
                0x08006d4a       0xa8 ./Drivers/STM32F4xx_HAL_Driver/Src/tm_stm32_gpio.o
                0x08006d4a                TM_GPIO_InitAlternate
 .text.TM_GPIO_GetPortSource
                0x08006df2       0x22 ./Drivers/STM32F4xx_HAL_Driver/Src/tm_stm32_gpio.o
                0x08006df2                TM_GPIO_GetPortSource
 .text.TM_GPIO_INT_EnableClock
                0x08006e14       0x30 ./Drivers/STM32F4xx_HAL_Driver/Src/tm_stm32_gpio.o
                0x08006e14                TM_GPIO_INT_EnableClock
 .text.TM_GPIO_INT_Init
                0x08006e44      0x110 ./Drivers/STM32F4xx_HAL_Driver/Src/tm_stm32_gpio.o
                0x08006e44                TM_GPIO_INT_Init
 .text.TM_SPI_Send
                0x08006f54       0x68 ./Drivers/STM32F4xx_HAL_Driver/Src/tm_stm32_lis302dl_lis3dsh.o
 .text.TM_LIS302DL_LIS3DSH_Detect
                0x08006fbc       0x48 ./Drivers/STM32F4xx_HAL_Driver/Src/tm_stm32_lis302dl_lis3dsh.o
                0x08006fbc                TM_LIS302DL_LIS3DSH_Detect
 .text.TM_LIS302DL_LIS3DSH_Init
                0x08007004       0x60 ./Drivers/STM32F4xx_HAL_Driver/Src/tm_stm32_lis302dl_lis3dsh.o
                0x08007004                TM_LIS302DL_LIS3DSH_Init
 .text.TM_LIS302DL_LIS3DSH_ReadAxes
                0x08007064       0x3c ./Drivers/STM32F4xx_HAL_Driver/Src/tm_stm32_lis302dl_lis3dsh.o
                0x08007064                TM_LIS302DL_LIS3DSH_ReadAxes
 .text.TM_LIS302DL_LIS3DSH_INT_InitPins
                0x080070a0       0x4c ./Drivers/STM32F4xx_HAL_Driver/Src/tm_stm32_lis302dl_lis3dsh.o
                0x080070a0                TM_LIS302DL_LIS3DSH_INT_InitPins
 .text.TM_LIS302DL_LIS3DSH_INT_WriteSPI
                0x080070ec       0x60 ./Drivers/STM32F4xx_HAL_Driver/Src/tm_stm32_lis302dl_lis3dsh.o
                0x080070ec                TM_LIS302DL_LIS3DSH_INT_WriteSPI
 .text.TM_LIS302DL_LIS3DSH_INT_ReadSPI
                0x0800714c       0x5c ./Drivers/STM32F4xx_HAL_Driver/Src/tm_stm32_lis302dl_lis3dsh.o
                0x0800714c                TM_LIS302DL_LIS3DSH_INT_ReadSPI
 .text.TM_LIS302DL_LIS3DSH_INT_InitLIS3DSH
                0x080071a8      0x108 ./Drivers/STM32F4xx_HAL_Driver/Src/tm_stm32_lis302dl_lis3dsh.o
                0x080071a8                TM_LIS302DL_LIS3DSH_INT_InitLIS3DSH
 .text.TM_LIS302DL_LIS3DSH_INT_InitLIS302DL
                0x080072b0       0xfc ./Drivers/STM32F4xx_HAL_Driver/Src/tm_stm32_lis302dl_lis3dsh.o
                0x080072b0                TM_LIS302DL_LIS3DSH_INT_InitLIS302DL
 .text.TM_LIS3DSH_INT_ReadAxes
                0x080073ac      0x114 ./Drivers/STM32F4xx_HAL_Driver/Src/tm_stm32_lis302dl_lis3dsh.o
                0x080073ac                TM_LIS3DSH_INT_ReadAxes
 .text.TM_LIS302DL_INT_ReadAxes
                0x080074c0       0xcc ./Drivers/STM32F4xx_HAL_Driver/Src/tm_stm32_lis302dl_lis3dsh.o
                0x080074c0                TM_LIS302DL_INT_ReadAxes
 .text.TM_LIS302DL_LIS3DSH_INT_Delay
                0x0800758c       0x28 ./Drivers/STM32F4xx_HAL_Driver/Src/tm_stm32_lis302dl_lis3dsh.o
                0x0800758c                TM_LIS302DL_LIS3DSH_INT_Delay
 .text.TM_SPI_Init
                0x080075b4       0x7c ./Drivers/STM32F4xx_HAL_Driver/Src/tm_stm32_spi.o
                0x080075b4                TM_SPI_Init
 .text.TM_SPI_WriteMulti
                0x08007630       0x76 ./Drivers/STM32F4xx_HAL_Driver/Src/tm_stm32_spi.o
                0x08007630                TM_SPI_WriteMulti
 .text.TM_SPI_ReadMulti
                0x080076a6       0x80 ./Drivers/STM32F4xx_HAL_Driver/Src/tm_stm32_spi.o
                0x080076a6                TM_SPI_ReadMulti
 .text.TM_SPI_InitCustomPinsCallback
                0x08007726       0x18 ./Drivers/STM32F4xx_HAL_Driver/Src/tm_stm32_spi.o
                0x08007726                TM_SPI_InitCustomPinsCallback
 *fill*         0x0800773e        0x2 
 .text.TM_SPIx_Init
                0x08007740      0x14c ./Drivers/STM32F4xx_HAL_Driver/Src/tm_stm32_spi.o
 .text.TM_SPI1_INT_InitPins
                0x0800788c       0x60 ./Drivers/STM32F4xx_HAL_Driver/Src/tm_stm32_spi.o
                0x0800788c                TM_SPI1_INT_InitPins
 .text.TM_SPI2_INT_InitPins
                0x080078ec       0xc8 ./Drivers/STM32F4xx_HAL_Driver/Src/tm_stm32_spi.o
                0x080078ec                TM_SPI2_INT_InitPins
 .text.TM_SPI3_INT_InitPins
                0x080079b4       0x64 ./Drivers/STM32F4xx_HAL_Driver/Src/tm_stm32_spi.o
                0x080079b4                TM_SPI3_INT_InitPins
 .text.USBH_CDC_InterfaceInit
                0x08007a18      0x2ac ./Middlewares/ST/STM32_USB_Host_Library/Class/CDC/Src/usbh_cdc.o
 .text.USBH_CDC_InterfaceDeInit
                0x08007cc4       0xb2 ./Middlewares/ST/STM32_USB_Host_Library/Class/CDC/Src/usbh_cdc.o
 .text.USBH_CDC_ClassRequest
                0x08007d76       0x3e ./Middlewares/ST/STM32_USB_Host_Library/Class/CDC/Src/usbh_cdc.o
 .text.USBH_CDC_Process
                0x08007db4      0x12c ./Middlewares/ST/STM32_USB_Host_Library/Class/CDC/Src/usbh_cdc.o
 .text.USBH_CDC_SOFProcess
                0x08007ee0       0x16 ./Middlewares/ST/STM32_USB_Host_Library/Class/CDC/Src/usbh_cdc.o
 .text.GetLineCoding
                0x08007ef6       0x3e ./Middlewares/ST/STM32_USB_Host_Library/Class/CDC/Src/usbh_cdc.o
 .text.SetLineCoding
                0x08007f34       0x3e ./Middlewares/ST/STM32_USB_Host_Library/Class/CDC/Src/usbh_cdc.o
 .text.CDC_ProcessTransmission
                0x08007f72       0xec ./Middlewares/ST/STM32_USB_Host_Library/Class/CDC/Src/usbh_cdc.o
 .text.CDC_ProcessReception
                0x0800805e       0xb6 ./Middlewares/ST/STM32_USB_Host_Library/Class/CDC/Src/usbh_cdc.o
 .text.USBH_CDC_TransmitCallback
                0x08008114       0x14 ./Middlewares/ST/STM32_USB_Host_Library/Class/CDC/Src/usbh_cdc.o
                0x08008114                USBH_CDC_TransmitCallback
 .text.USBH_CDC_ReceiveCallback
                0x08008128       0x14 ./Middlewares/ST/STM32_USB_Host_Library/Class/CDC/Src/usbh_cdc.o
                0x08008128                USBH_CDC_ReceiveCallback
 .text.USBH_CDC_LineCodingChanged
                0x0800813c       0x14 ./Middlewares/ST/STM32_USB_Host_Library/Class/CDC/Src/usbh_cdc.o
                0x0800813c                USBH_CDC_LineCodingChanged
 .text.USBH_Init
                0x08008150       0x74 ./Middlewares/ST/STM32_USB_Host_Library/Core/Src/usbh_core.o
                0x08008150                USBH_Init
 .text.DeInitStateMachine
                0x080081c4       0xe6 ./Middlewares/ST/STM32_USB_Host_Library/Core/Src/usbh_core.o
 .text.USBH_RegisterClass
                0x080082aa       0x54 ./Middlewares/ST/STM32_USB_Host_Library/Core/Src/usbh_core.o
                0x080082aa                USBH_RegisterClass
 .text.USBH_SelectInterface
                0x080082fe       0x38 ./Middlewares/ST/STM32_USB_Host_Library/Core/Src/usbh_core.o
                0x080082fe                USBH_SelectInterface
 .text.USBH_FindInterface
                0x08008336       0x8c ./Middlewares/ST/STM32_USB_Host_Library/Core/Src/usbh_core.o
                0x08008336                USBH_FindInterface
 .text.USBH_Start
                0x080083c2       0x20 ./Middlewares/ST/STM32_USB_Host_Library/Core/Src/usbh_core.o
                0x080083c2                USBH_Start
 *fill*         0x080083e2        0x2 
 .text.USBH_Process
                0x080083e4      0x3d0 ./Middlewares/ST/STM32_USB_Host_Library/Core/Src/usbh_core.o
                0x080083e4                USBH_Process
 .text.USBH_HandleEnum
                0x080087b4      0x3c0 ./Middlewares/ST/STM32_USB_Host_Library/Core/Src/usbh_core.o
 .text.USBH_LL_SetTimer
                0x08008b74       0x1e ./Middlewares/ST/STM32_USB_Host_Library/Core/Src/usbh_core.o
                0x08008b74                USBH_LL_SetTimer
 .text.USBH_LL_IncTimer
                0x08008b92       0x24 ./Middlewares/ST/STM32_USB_Host_Library/Core/Src/usbh_core.o
                0x08008b92                USBH_LL_IncTimer
 .text.USBH_HandleSof
                0x08008bb6       0x30 ./Middlewares/ST/STM32_USB_Host_Library/Core/Src/usbh_core.o
 .text.USBH_LL_PortEnabled
                0x08008be6       0x1c ./Middlewares/ST/STM32_USB_Host_Library/Core/Src/usbh_core.o
                0x08008be6                USBH_LL_PortEnabled
 .text.USBH_LL_PortDisabled
                0x08008c02       0x1c ./Middlewares/ST/STM32_USB_Host_Library/Core/Src/usbh_core.o
                0x08008c02                USBH_LL_PortDisabled
 .text.USBH_LL_Connect
                0x08008c1e       0x2e ./Middlewares/ST/STM32_USB_Host_Library/Core/Src/usbh_core.o
                0x08008c1e                USBH_LL_Connect
 .text.USBH_LL_Disconnect
                0x08008c4c       0x48 ./Middlewares/ST/STM32_USB_Host_Library/Core/Src/usbh_core.o
                0x08008c4c                USBH_LL_Disconnect
 .text.USBH_Get_DevDesc
                0x08008c94       0x58 ./Middlewares/ST/STM32_USB_Host_Library/Core/Src/usbh_ctlreq.o
                0x08008c94                USBH_Get_DevDesc
 .text.USBH_Get_CfgDesc
                0x08008cec       0x54 ./Middlewares/ST/STM32_USB_Host_Library/Core/Src/usbh_ctlreq.o
                0x08008cec                USBH_Get_CfgDesc
 .text.USBH_Get_StringDesc
                0x08008d40       0x68 ./Middlewares/ST/STM32_USB_Host_Library/Core/Src/usbh_ctlreq.o
                0x08008d40                USBH_Get_StringDesc
 .text.USBH_GetDescriptor
                0x08008da8       0x6a ./Middlewares/ST/STM32_USB_Host_Library/Core/Src/usbh_ctlreq.o
                0x08008da8                USBH_GetDescriptor
 .text.USBH_SetAddress
                0x08008e12       0x48 ./Middlewares/ST/STM32_USB_Host_Library/Core/Src/usbh_ctlreq.o
                0x08008e12                USBH_SetAddress
 .text.USBH_SetCfg
                0x08008e5a       0x46 ./Middlewares/ST/STM32_USB_Host_Library/Core/Src/usbh_ctlreq.o
                0x08008e5a                USBH_SetCfg
 .text.USBH_SetFeature
                0x08008ea0       0x48 ./Middlewares/ST/STM32_USB_Host_Library/Core/Src/usbh_ctlreq.o
                0x08008ea0                USBH_SetFeature
 .text.USBH_ClrFeature
                0x08008ee8       0x48 ./Middlewares/ST/STM32_USB_Host_Library/Core/Src/usbh_ctlreq.o
                0x08008ee8                USBH_ClrFeature
 .text.USBH_ParseDevDesc
                0x08008f30      0x160 ./Middlewares/ST/STM32_USB_Host_Library/Core/Src/usbh_ctlreq.o
 .text.USBH_ParseCfgDesc
                0x08009090      0x1f0 ./Middlewares/ST/STM32_USB_Host_Library/Core/Src/usbh_ctlreq.o
 .text.USBH_ParseInterfaceDesc
                0x08009280       0x68 ./Middlewares/ST/STM32_USB_Host_Library/Core/Src/usbh_ctlreq.o
 .text.USBH_ParseEPDesc
                0x080092e8      0x1d0 ./Middlewares/ST/STM32_USB_Host_Library/Core/Src/usbh_ctlreq.o
 .text.USBH_ParseStringDesc
                0x080094b8       0x66 ./Middlewares/ST/STM32_USB_Host_Library/Core/Src/usbh_ctlreq.o
 .text.USBH_GetNextDesc
                0x0800951e       0x34 ./Middlewares/ST/STM32_USB_Host_Library/Core/Src/usbh_ctlreq.o
                0x0800951e                USBH_GetNextDesc
 .text.USBH_CtlReq
                0x08009552       0x7a ./Middlewares/ST/STM32_USB_Host_Library/Core/Src/usbh_ctlreq.o
                0x08009552                USBH_CtlReq
 .text.USBH_HandleControl
                0x080095cc      0x2e8 ./Middlewares/ST/STM32_USB_Host_Library/Core/Src/usbh_ctlreq.o
 .text.USBH_CtlSendSetup
                0x080098b4       0x34 ./Middlewares/ST/STM32_USB_Host_Library/Core/Src/usbh_ioreq.o
                0x080098b4                USBH_CtlSendSetup
 .text.USBH_CtlSendData
                0x080098e8       0x4a ./Middlewares/ST/STM32_USB_Host_Library/Core/Src/usbh_ioreq.o
                0x080098e8                USBH_CtlSendData
 .text.USBH_CtlReceiveData
                0x08009932       0x3c ./Middlewares/ST/STM32_USB_Host_Library/Core/Src/usbh_ioreq.o
                0x08009932                USBH_CtlReceiveData
 .text.USBH_BulkSendData
                0x0800996e       0x4a ./Middlewares/ST/STM32_USB_Host_Library/Core/Src/usbh_ioreq.o
                0x0800996e                USBH_BulkSendData
 .text.USBH_BulkReceiveData
                0x080099b8       0x3c ./Middlewares/ST/STM32_USB_Host_Library/Core/Src/usbh_ioreq.o
                0x080099b8                USBH_BulkReceiveData
 .text.USBH_OpenPipe
                0x080099f4       0x3e ./Middlewares/ST/STM32_USB_Host_Library/Core/Src/usbh_pipes.o
                0x080099f4                USBH_OpenPipe
 .text.USBH_ClosePipe
                0x08009a32       0x20 ./Middlewares/ST/STM32_USB_Host_Library/Core/Src/usbh_pipes.o
                0x08009a32                USBH_ClosePipe
 .text.USBH_AllocPipe
                0x08009a52       0x42 ./Middlewares/ST/STM32_USB_Host_Library/Core/Src/usbh_pipes.o
                0x08009a52                USBH_AllocPipe
 .text.USBH_FreePipe
                0x08009a94       0x3c ./Middlewares/ST/STM32_USB_Host_Library/Core/Src/usbh_pipes.o
                0x08009a94                USBH_FreePipe
 .text.USBH_GetFreePipe
                0x08009ad0       0x48 ./Middlewares/ST/STM32_USB_Host_Library/Core/Src/usbh_pipes.o
 .text.MX_USB_HOST_Init
                0x08009b18       0x4c ./USB_HOST/App/usb_host.o
                0x08009b18                MX_USB_HOST_Init
 .text.MX_USB_HOST_Process
                0x08009b64       0x14 ./USB_HOST/App/usb_host.o
                0x08009b64                MX_USB_HOST_Process
 .text.USBH_UserProcess
                0x08009b78       0x5c ./USB_HOST/App/usb_host.o
 .text.HAL_HCD_MspInit
                0x08009bd4       0xc4 ./USB_HOST/Target/usbh_conf.o
                0x08009bd4                HAL_HCD_MspInit
 .text.HAL_HCD_SOF_Callback
                0x08009c98       0x1c ./USB_HOST/Target/usbh_conf.o
                0x08009c98                HAL_HCD_SOF_Callback
 .text.HAL_HCD_Connect_Callback
                0x08009cb4       0x1c ./USB_HOST/Target/usbh_conf.o
                0x08009cb4                HAL_HCD_Connect_Callback
 .text.HAL_HCD_Disconnect_Callback
                0x08009cd0       0x1c ./USB_HOST/Target/usbh_conf.o
                0x08009cd0                HAL_HCD_Disconnect_Callback
 .text.HAL_HCD_HC_NotifyURBChange_Callback
                0x08009cec       0x1c ./USB_HOST/Target/usbh_conf.o
                0x08009cec                HAL_HCD_HC_NotifyURBChange_Callback
 .text.HAL_HCD_PortEnabled_Callback
                0x08009d08       0x1c ./USB_HOST/Target/usbh_conf.o
                0x08009d08                HAL_HCD_PortEnabled_Callback
 .text.HAL_HCD_PortDisabled_Callback
                0x08009d24       0x1c ./USB_HOST/Target/usbh_conf.o
                0x08009d24                HAL_HCD_PortDisabled_Callback
 .text.USBH_LL_Init
                0x08009d40       0x78 ./USB_HOST/Target/usbh_conf.o
                0x08009d40                USBH_LL_Init
 .text.USBH_LL_Start
                0x08009db8       0x36 ./USB_HOST/Target/usbh_conf.o
                0x08009db8                USBH_LL_Start
 .text.USBH_LL_Stop
                0x08009dee       0x36 ./USB_HOST/Target/usbh_conf.o
                0x08009dee                USBH_LL_Stop
 .text.USBH_LL_GetSpeed
                0x08009e24       0x4e ./USB_HOST/Target/usbh_conf.o
                0x08009e24                USBH_LL_GetSpeed
 .text.USBH_LL_ResetPort
                0x08009e72       0x36 ./USB_HOST/Target/usbh_conf.o
                0x08009e72                USBH_LL_ResetPort
 .text.USBH_LL_GetLastXferSize
                0x08009ea8       0x26 ./USB_HOST/Target/usbh_conf.o
                0x08009ea8                USBH_LL_GetLastXferSize
 .text.USBH_LL_OpenPipe
                0x08009ece       0x5e ./USB_HOST/Target/usbh_conf.o
                0x08009ece                USBH_LL_OpenPipe
 .text.USBH_LL_ClosePipe
                0x08009f2c       0x3e ./USB_HOST/Target/usbh_conf.o
                0x08009f2c                USBH_LL_ClosePipe
 .text.USBH_LL_SubmitURB
                0x08009f6a       0x62 ./USB_HOST/Target/usbh_conf.o
                0x08009f6a                USBH_LL_SubmitURB
 .text.USBH_LL_GetURBState
                0x08009fcc       0x26 ./USB_HOST/Target/usbh_conf.o
                0x08009fcc                USBH_LL_GetURBState
 .text.USBH_LL_DriverVBUS
                0x08009ff2       0x2e ./USB_HOST/Target/usbh_conf.o
                0x08009ff2                USBH_LL_DriverVBUS
 .text.USBH_LL_SetToggle
                0x0800a020       0x66 ./USB_HOST/Target/usbh_conf.o
                0x0800a020                USBH_LL_SetToggle
 .text.USBH_Delay
                0x0800a086       0x16 ./USB_HOST/Target/usbh_conf.o
                0x0800a086                USBH_Delay
 .text.USBH_Get_USB_Status
                0x0800a09c       0x58 ./USB_HOST/Target/usbh_conf.o
                0x0800a09c                USBH_Get_USB_Status
 .text.MX_DriverVbusFS
                0x0800a0f4       0x38 ./USB_HOST/Target/usbh_platform.o
                0x0800a0f4                MX_DriverVbusFS
 .text.malloc   0x0800a12c       0x10 C:/ST/STM32CubeIDE_1.15.0/STM32CubeIDE/plugins/com.st.stm32cube.ide.mcu.externaltools.gnu-tools-for-stm32.12.3.rel1.win32_1.0.100.202403111256/tools/bin/../lib/gcc/arm-none-eabi/12.3.1/../../../../arm-none-eabi/lib/thumb/v7e-m+fp/hard\libc_nano.a(libc_a-malloc.o)
                0x0800a12c                malloc
 .text.free     0x0800a13c       0x10 C:/ST/STM32CubeIDE_1.15.0/STM32CubeIDE/plugins/com.st.stm32cube.ide.mcu.externaltools.gnu-tools-for-stm32.12.3.rel1.win32_1.0.100.202403111256/tools/bin/../lib/gcc/arm-none-eabi/12.3.1/../../../../arm-none-eabi/lib/thumb/v7e-m+fp/hard\libc_nano.a(libc_a-malloc.o)
                0x0800a13c                free
 .text.sbrk_aligned
                0x0800a14c       0x44 C:/ST/STM32CubeIDE_1.15.0/STM32CubeIDE/plugins/com.st.stm32cube.ide.mcu.externaltools.gnu-tools-for-stm32.12.3.rel1.win32_1.0.100.202403111256/tools/bin/../lib/gcc/arm-none-eabi/12.3.1/../../../../arm-none-eabi/lib/thumb/v7e-m+fp/hard\libc_nano.a(libc_a-mallocr.o)
 .text._malloc_r
                0x0800a190      0x100 C:/ST/STM32CubeIDE_1.15.0/STM32CubeIDE/plugins/com.st.stm32cube.ide.mcu.externaltools.gnu-tools-for-stm32.12.3.rel1.win32_1.0.100.202403111256/tools/bin/../lib/gcc/arm-none-eabi/12.3.1/../../../../arm-none-eabi/lib/thumb/v7e-m+fp/hard\libc_nano.a(libc_a-mallocr.o)
                0x0800a190                _malloc_r
 .text.__malloc_lock
                0x0800a290        0xc C:/ST/STM32CubeIDE_1.15.0/STM32CubeIDE/plugins/com.st.stm32cube.ide.mcu.externaltools.gnu-tools-for-stm32.12.3.rel1.win32_1.0.100.202403111256/tools/bin/../lib/gcc/arm-none-eabi/12.3.1/../../../../arm-none-eabi/lib/thumb/v7e-m+fp/hard\libc_nano.a(libc_a-mlock.o)
                0x0800a290                __malloc_lock
 .text.__malloc_unlock
                0x0800a29c        0xc C:/ST/STM32CubeIDE_1.15.0/STM32CubeIDE/plugins/com.st.stm32cube.ide.mcu.externaltools.gnu-tools-for-stm32.12.3.rel1.win32_1.0.100.202403111256/tools/bin/../lib/gcc/arm-none-eabi/12.3.1/../../../../arm-none-eabi/lib/thumb/v7e-m+fp/hard\libc_nano.a(libc_a-mlock.o)
                0x0800a29c                __malloc_unlock
 .text.memset   0x0800a2a8       0x10 C:/ST/STM32CubeIDE_1.15.0/STM32CubeIDE/plugins/com.st.stm32cube.ide.mcu.externaltools.gnu-tools-for-stm32.12.3.rel1.win32_1.0.100.202403111256/tools/bin/../lib/gcc/arm-none-eabi/12.3.1/../../../../arm-none-eabi/lib/thumb/v7e-m+fp/hard\libc_nano.a(libc_a-memset.o)
                0x0800a2a8                memset
 .text._sbrk_r  0x0800a2b8       0x20 C:/ST/STM32CubeIDE_1.15.0/STM32CubeIDE/plugins/com.st.stm32cube.ide.mcu.externaltools.gnu-tools-for-stm32.12.3.rel1.win32_1.0.100.202403111256/tools/bin/../lib/gcc/arm-none-eabi/12.3.1/../../../../arm-none-eabi/lib/thumb/v7e-m+fp/hard\libc_nano.a(libc_a-sbrkr.o)
                0x0800a2b8                _sbrk_r
 .text.__errno  0x0800a2d8        0xc C:/ST/STM32CubeIDE_1.15.0/STM32CubeIDE/plugins/com.st.stm32cube.ide.mcu.externaltools.gnu-tools-for-stm32.12.3.rel1.win32_1.0.100.202403111256/tools/bin/../lib/gcc/arm-none-eabi/12.3.1/../../../../arm-none-eabi/lib/thumb/v7e-m+fp/hard\libc_nano.a(libc_a-errno.o)
                0x0800a2d8                __errno
 .text.__libc_init_array
                0x0800a2e4       0x48 C:/ST/STM32CubeIDE_1.15.0/STM32CubeIDE/plugins/com.st.stm32cube.ide.mcu.externaltools.gnu-tools-for-stm32.12.3.rel1.win32_1.0.100.202403111256/tools/bin/../lib/gcc/arm-none-eabi/12.3.1/../../../../arm-none-eabi/lib/thumb/v7e-m+fp/hard\libc_nano.a(libc_a-init.o)
                0x0800a2e4                __libc_init_array
 .text.__retarget_lock_acquire_recursive
                0x0800a32c        0x2 C:/ST/STM32CubeIDE_1.15.0/STM32CubeIDE/plugins/com.st.stm32cube.ide.mcu.externaltools.gnu-tools-for-stm32.12.3.rel1.win32_1.0.100.202403111256/tools/bin/../lib/gcc/arm-none-eabi/12.3.1/../../../../arm-none-eabi/lib/thumb/v7e-m+fp/hard\libc_nano.a(libc_a-lock.o)
                0x0800a32c                __retarget_lock_acquire_recursive
 .text.__retarget_lock_release_recursive
                0x0800a32e        0x2 C:/ST/STM32CubeIDE_1.15.0/STM32CubeIDE/plugins/com.st.stm32cube.ide.mcu.externaltools.gnu-tools-for-stm32.12.3.rel1.win32_1.0.100.202403111256/tools/bin/../lib/gcc/arm-none-eabi/12.3.1/../../../../arm-none-eabi/lib/thumb/v7e-m+fp/hard\libc_nano.a(libc_a-lock.o)
                0x0800a32e                __retarget_lock_release_recursive
 .text._free_r  0x0800a330       0x94 C:/ST/STM32CubeIDE_1.15.0/STM32CubeIDE/plugins/com.st.stm32cube.ide.mcu.externaltools.gnu-tools-for-stm32.12.3.rel1.win32_1.0.100.202403111256/tools/bin/../lib/gcc/arm-none-eabi/12.3.1/../../../../arm-none-eabi/lib/thumb/v7e-m+fp/hard\libc_nano.a(libc_a-freer.o)
                0x0800a330                _free_r
 *(.glue_7)
 .glue_7        0x0800a3c4        0x0 linker stubs
 *(.glue_7t)
 .glue_7t       0x0800a3c4        0x0 linker stubs
 *(.eh_frame)
 .eh_frame      0x0800a3c4        0x0 C:/ST/STM32CubeIDE_1.15.0/STM32CubeIDE/plugins/com.st.stm32cube.ide.mcu.externaltools.gnu-tools-for-stm32.12.3.rel1.win32_1.0.100.202403111256/tools/bin/../lib/gcc/arm-none-eabi/12.3.1/thumb/v7e-m+fp/hard/crtbegin.o
 *(.init)
 .init          0x0800a3c4        0x4 C:/ST/STM32CubeIDE_1.15.0/STM32CubeIDE/plugins/com.st.stm32cube.ide.mcu.externaltools.gnu-tools-for-stm32.12.3.rel1.win32_1.0.100.202403111256/tools/bin/../lib/gcc/arm-none-eabi/12.3.1/thumb/v7e-m+fp/hard/crti.o
                0x0800a3c4                _init
 .init          0x0800a3c8        0x8 C:/ST/STM32CubeIDE_1.15.0/STM32CubeIDE/plugins/com.st.stm32cube.ide.mcu.externaltools.gnu-tools-for-stm32.12.3.rel1.win32_1.0.100.202403111256/tools/bin/../lib/gcc/arm-none-eabi/12.3.1/thumb/v7e-m+fp/hard/crtn.o
 *(.fini)
 .fini          0x0800a3d0        0x4 C:/ST/STM32CubeIDE_1.15.0/STM32CubeIDE/plugins/com.st.stm32cube.ide.mcu.externaltools.gnu-tools-for-stm32.12.3.rel1.win32_1.0.100.202403111256/tools/bin/../lib/gcc/arm-none-eabi/12.3.1/thumb/v7e-m+fp/hard/crti.o
                0x0800a3d0                _fini
 .fini          0x0800a3d4        0x8 C:/ST/STM32CubeIDE_1.15.0/STM32CubeIDE/plugins/com.st.stm32cube.ide.mcu.externaltools.gnu-tools-for-stm32.12.3.rel1.win32_1.0.100.202403111256/tools/bin/../lib/gcc/arm-none-eabi/12.3.1/thumb/v7e-m+fp/hard/crtn.o
                0x0800a3dc                        . = ALIGN (0x4)
                0x0800a3dc                        _etext = .

.vfp11_veneer   0x0800a3dc        0x0
 .vfp11_veneer  0x0800a3dc        0x0 linker stubs

.v4_bx          0x0800a3dc        0x0
 .v4_bx         0x0800a3dc        0x0 linker stubs

.iplt           0x0800a3dc        0x0
 .iplt          0x0800a3dc        0x0 C:/ST/STM32CubeIDE_1.15.0/STM32CubeIDE/plugins/com.st.stm32cube.ide.mcu.externaltools.gnu-tools-for-stm32.12.3.rel1.win32_1.0.100.202403111256/tools/bin/../lib/gcc/arm-none-eabi/12.3.1/thumb/v7e-m+fp/hard/crtbegin.o

.rodata         0x0800a3dc       0x1c
                0x0800a3dc                        . = ALIGN (0x4)
 *(.rodata)
 .rodata        0x0800a3dc        0x4 ./Middlewares/ST/STM32_USB_Host_Library/Class/CDC/Src/usbh_cdc.o
 *(.rodata*)
 .rodata.AHBPrescTable
                0x0800a3e0       0x10 ./Core/Src/system_stm32f4xx.o
                0x0800a3e0                AHBPrescTable
 .rodata.APBPrescTable
                0x0800a3f0        0x8 ./Core/Src/system_stm32f4xx.o
                0x0800a3f0                APBPrescTable
                0x0800a3f8                        . = ALIGN (0x4)

.ARM.extab      0x0800a3f8        0x0
                0x0800a3f8                        . = ALIGN (0x4)
 *(.ARM.extab* .gnu.linkonce.armextab.*)
                0x0800a3f8                        . = ALIGN (0x4)

.ARM            0x0800a3f8        0x8
                0x0800a3f8                        . = ALIGN (0x4)
                0x0800a3f8                        __exidx_start = .
 *(.ARM.exidx*)
 .ARM.exidx     0x0800a3f8        0x8 C:/ST/STM32CubeIDE_1.15.0/STM32CubeIDE/plugins/com.st.stm32cube.ide.mcu.externaltools.gnu-tools-for-stm32.12.3.rel1.win32_1.0.100.202403111256/tools/bin/../lib/gcc/arm-none-eabi/12.3.1/thumb/v7e-m+fp/hard\libgcc.a(_udivmoddi4.o)
                0x0800a400                        __exidx_end = .
                0x0800a400                        . = ALIGN (0x4)

.preinit_array  0x0800a400        0x0
                0x0800a400                        . = ALIGN (0x4)
                0x0800a400                        PROVIDE (__preinit_array_start = .)
 *(.preinit_array*)
                0x0800a400                        PROVIDE (__preinit_array_end = .)
                0x0800a400                        . = ALIGN (0x4)

.init_array     0x0800a400        0x4
                0x0800a400                        . = ALIGN (0x4)
                0x0800a400                        PROVIDE (__init_array_start = .)
 *(SORT_BY_NAME(.init_array.*))
 *(.init_array*)
 .init_array    0x0800a400        0x4 C:/ST/STM32CubeIDE_1.15.0/STM32CubeIDE/plugins/com.st.stm32cube.ide.mcu.externaltools.gnu-tools-for-stm32.12.3.rel1.win32_1.0.100.202403111256/tools/bin/../lib/gcc/arm-none-eabi/12.3.1/thumb/v7e-m+fp/hard/crtbegin.o
                0x0800a404                        PROVIDE (__init_array_end = .)
                0x0800a404                        . = ALIGN (0x4)

.fini_array     0x0800a404        0x4
                0x0800a404                        . = ALIGN (0x4)
                [!provide]                        PROVIDE (__fini_array_start = .)
 *(SORT_BY_NAME(.fini_array.*))
 *(.fini_array*)
 .fini_array    0x0800a404        0x4 C:/ST/STM32CubeIDE_1.15.0/STM32CubeIDE/plugins/com.st.stm32cube.ide.mcu.externaltools.gnu-tools-for-stm32.12.3.rel1.win32_1.0.100.202403111256/tools/bin/../lib/gcc/arm-none-eabi/12.3.1/thumb/v7e-m+fp/hard/crtbegin.o
                [!provide]                        PROVIDE (__fini_array_end = .)
                0x0800a408                        . = ALIGN (0x4)
                0x0800a408                        _sidata = LOADADDR (.data)

.rel.dyn        0x0800a408        0x0
 .rel.iplt      0x0800a408        0x0 C:/ST/STM32CubeIDE_1.15.0/STM32CubeIDE/plugins/com.st.stm32cube.ide.mcu.externaltools.gnu-tools-for-stm32.12.3.rel1.win32_1.0.100.202403111256/tools/bin/../lib/gcc/arm-none-eabi/12.3.1/thumb/v7e-m+fp/hard/crtbegin.o

.data           0x20000000       0x7c load address 0x0800a408
                0x20000000                        . = ALIGN (0x4)
                0x20000000                        _sdata = .
 *(.data)
 *(.data*)
 .data.SystemCoreClock
                0x20000000        0x4 ./Core/Src/system_stm32f4xx.o
                0x20000000                SystemCoreClock
 .data.uwTickPrio
                0x20000004        0x4 ./Drivers/STM32F4xx_HAL_Driver/Src/stm32f4xx_hal.o
                0x20000004                uwTickPrio
 .data.uwTickFreq
                0x20000008        0x1 ./Drivers/STM32F4xx_HAL_Driver/Src/stm32f4xx_hal.o
                0x20000008                uwTickFreq
 *fill*         0x20000009        0x3 
 .data.CDC_Class
                0x2000000c       0x20 ./Middlewares/ST/STM32_USB_Host_Library/Class/CDC/Src/usbh_cdc.o
                0x2000000c                CDC_Class
 .data._impure_ptr
                0x2000002c        0x4 C:/ST/STM32CubeIDE_1.15.0/STM32CubeIDE/plugins/com.st.stm32cube.ide.mcu.externaltools.gnu-tools-for-stm32.12.3.rel1.win32_1.0.100.202403111256/tools/bin/../lib/gcc/arm-none-eabi/12.3.1/../../../../arm-none-eabi/lib/thumb/v7e-m+fp/hard\libc_nano.a(libc_a-impure.o)
                0x2000002c                _impure_ptr
 .data._impure_data
                0x20000030       0x4c C:/ST/STM32CubeIDE_1.15.0/STM32CubeIDE/plugins/com.st.stm32cube.ide.mcu.externaltools.gnu-tools-for-stm32.12.3.rel1.win32_1.0.100.202403111256/tools/bin/../lib/gcc/arm-none-eabi/12.3.1/../../../../arm-none-eabi/lib/thumb/v7e-m+fp/hard\libc_nano.a(libc_a-impure.o)
                0x20000030                _impure_data
 *(.RamFunc)
 *(.RamFunc*)
                0x2000007c                        . = ALIGN (0x4)
                0x2000007c                        _edata = .
                0x0800a484                        _siccmram = LOADADDR (.ccmram)

.igot.plt       0x2000007c        0x0 load address 0x0800a484
 .igot.plt      0x2000007c        0x0 C:/ST/STM32CubeIDE_1.15.0/STM32CubeIDE/plugins/com.st.stm32cube.ide.mcu.externaltools.gnu-tools-for-stm32.12.3.rel1.win32_1.0.100.202403111256/tools/bin/../lib/gcc/arm-none-eabi/12.3.1/thumb/v7e-m+fp/hard/crtbegin.o

.ccmram         0x10000000        0x0 load address 0x0800a484
                0x10000000                        . = ALIGN (0x4)
                0x10000000                        _sccmram = .
 *(.ccmram)
 *(.ccmram*)
                0x10000000                        . = ALIGN (0x4)
                0x10000000                        _eccmram = .
                0x10000000                        . = ALIGN (0x4)

.bss            0x2000007c      0xaac
                0x2000007c                        _sbss = .
                0x2000007c                        __bss_start__ = _sbss
 *(.bss)
 .bss           0x2000007c       0x1c C:/ST/STM32CubeIDE_1.15.0/STM32CubeIDE/plugins/com.st.stm32cube.ide.mcu.externaltools.gnu-tools-for-stm32.12.3.rel1.win32_1.0.100.202403111256/tools/bin/../lib/gcc/arm-none-eabi/12.3.1/thumb/v7e-m+fp/hard/crtbegin.o
 *(.bss*)
 .bss.hi2c1     0x20000098       0x54 ./Core/Src/main.o
                0x20000098                hi2c1
 .bss.hi2s3     0x200000ec       0x48 ./Core/Src/main.o
                0x200000ec                hi2s3
 .bss.hspi1     0x20000134       0x58 ./Core/Src/main.o
                0x20000134                hspi1
 .bss.huart2    0x2000018c       0x48 ./Core/Src/main.o
                0x2000018c                huart2
 .bss.txdata    0x200001d4        0x6 ./Core/Src/main.o
                0x200001d4                txdata
 *fill*         0x200001da        0x2 
 .bss.__sbrk_heap_end
                0x200001dc        0x4 ./Core/Src/sysmem.o
 .bss.TM_Time2  0x200001e0        0x4 ./Drivers/STM32F4xx_HAL_Driver/Src/tm_stm32_delay.o
                0x200001e0                TM_Time2
 .bss.TM_Time   0x200001e4        0x4 ./Drivers/STM32F4xx_HAL_Driver/Src/tm_stm32_delay.o
                0x200001e4                TM_Time
 .bss.CustomTimers
                0x200001e8       0x18 ./Drivers/STM32F4xx_HAL_Driver/Src/tm_stm32_delay.o
 .bss.GPIO_UsedPins
                0x20000200       0x1a ./Drivers/STM32F4xx_HAL_Driver/Src/tm_stm32_gpio.o
 .bss.TM_LIS302DL_LIS3DSH_INT_Device
                0x2000021a        0x1 ./Drivers/STM32F4xx_HAL_Driver/Src/tm_stm32_lis302dl_lis3dsh.o
                0x2000021a                TM_LIS302DL_LIS3DSH_INT_Device
 *fill*         0x2000021b        0x1 
 .bss.TM_LIS3DSH_INT_Sensitivity
                0x2000021c        0x4 ./Drivers/STM32F4xx_HAL_Driver/Src/tm_stm32_lis302dl_lis3dsh.o
                0x2000021c                TM_LIS3DSH_INT_Sensitivity
 .bss.initialized.0
                0x20000220        0x1 ./Drivers/STM32F4xx_HAL_Driver/Src/tm_stm32_lis302dl_lis3dsh.o
 *fill*         0x20000221        0x3 
 .bss.hUsbHostFS
                0x20000224      0x3d8 ./USB_HOST/App/usb_host.o
                0x20000224                hUsbHostFS
 .bss.Appli_state
                0x200005fc        0x1 ./USB_HOST/App/usb_host.o
                0x200005fc                Appli_state
 *fill*         0x200005fd        0x3 
 .bss.hhcd_USB_OTG_FS
                0x20000600      0x3e0 ./USB_HOST/Target/usbh_conf.o
                0x20000600                hhcd_USB_OTG_FS
 .bss.__malloc_sbrk_start
                0x200009e0        0x4 C:/ST/STM32CubeIDE_1.15.0/STM32CubeIDE/plugins/com.st.stm32cube.ide.mcu.externaltools.gnu-tools-for-stm32.12.3.rel1.win32_1.0.100.202403111256/tools/bin/../lib/gcc/arm-none-eabi/12.3.1/../../../../arm-none-eabi/lib/thumb/v7e-m+fp/hard\libc_nano.a(libc_a-mallocr.o)
                0x200009e0                __malloc_sbrk_start
 .bss.__malloc_free_list
                0x200009e4        0x4 C:/ST/STM32CubeIDE_1.15.0/STM32CubeIDE/plugins/com.st.stm32cube.ide.mcu.externaltools.gnu-tools-for-stm32.12.3.rel1.win32_1.0.100.202403111256/tools/bin/../lib/gcc/arm-none-eabi/12.3.1/../../../../arm-none-eabi/lib/thumb/v7e-m+fp/hard\libc_nano.a(libc_a-mallocr.o)
                0x200009e4                __malloc_free_list
 .bss.__sf      0x200009e8      0x138 C:/ST/STM32CubeIDE_1.15.0/STM32CubeIDE/plugins/com.st.stm32cube.ide.mcu.externaltools.gnu-tools-for-stm32.12.3.rel1.win32_1.0.100.202403111256/tools/bin/../lib/gcc/arm-none-eabi/12.3.1/../../../../arm-none-eabi/lib/thumb/v7e-m+fp/hard\libc_nano.a(libc_a-findfp.o)
                0x200009e8                __sf
 .bss.errno     0x20000b20        0x4 C:/ST/STM32CubeIDE_1.15.0/STM32CubeIDE/plugins/com.st.stm32cube.ide.mcu.externaltools.gnu-tools-for-stm32.12.3.rel1.win32_1.0.100.202403111256/tools/bin/../lib/gcc/arm-none-eabi/12.3.1/../../../../arm-none-eabi/lib/thumb/v7e-m+fp/hard\libc_nano.a(libc_a-reent.o)
                0x20000b20                errno
 .bss.__lock___malloc_recursive_mutex
                0x20000b24        0x1 C:/ST/STM32CubeIDE_1.15.0/STM32CubeIDE/plugins/com.st.stm32cube.ide.mcu.externaltools.gnu-tools-for-stm32.12.3.rel1.win32_1.0.100.202403111256/tools/bin/../lib/gcc/arm-none-eabi/12.3.1/../../../../arm-none-eabi/lib/thumb/v7e-m+fp/hard\libc_nano.a(libc_a-lock.o)
                0x20000b24                __lock___malloc_recursive_mutex
 *(COMMON)
                0x20000b28                        . = ALIGN (0x4)
 *fill*         0x20000b25        0x3 
                0x20000b28                        _ebss = .
                0x20000b28                        __bss_end__ = _ebss

._user_heap_stack
                0x20000b28      0x600
                0x20000b28                        . = ALIGN (0x8)
                [!provide]                        PROVIDE (end = .)
                0x20000b28                        PROVIDE (_end = .)
                0x20000d28                        . = (. + _Min_Heap_Size)
 *fill*         0x20000b28      0x200 
                0x20001128                        . = (. + _Min_Stack_Size)
 *fill*         0x20000d28      0x400 
                0x20001128                        . = ALIGN (0x8)

/DISCARD/
 libc.a(*)
 libm.a(*)
 libgcc.a(*)

.ARM.attributes
                0x00000000       0x30
 *(.ARM.attributes)
 .ARM.attributes
                0x00000000       0x22 C:/ST/STM32CubeIDE_1.15.0/STM32CubeIDE/plugins/com.st.stm32cube.ide.mcu.externaltools.gnu-tools-for-stm32.12.3.rel1.win32_1.0.100.202403111256/tools/bin/../lib/gcc/arm-none-eabi/12.3.1/thumb/v7e-m+fp/hard/crti.o
 .ARM.attributes
                0x00000022       0x34 C:/ST/STM32CubeIDE_1.15.0/STM32CubeIDE/plugins/com.st.stm32cube.ide.mcu.externaltools.gnu-tools-for-stm32.12.3.rel1.win32_1.0.100.202403111256/tools/bin/../lib/gcc/arm-none-eabi/12.3.1/thumb/v7e-m+fp/hard/crtbegin.o
 .ARM.attributes
                0x00000056       0x34 ./Core/Src/main.o
 .ARM.attributes
                0x0000008a       0x34 ./Core/Src/stm32f4xx_hal_msp.o
 .ARM.attributes
                0x000000be       0x34 ./Core/Src/stm32f4xx_it.o
 .ARM.attributes
                0x000000f2       0x34 ./Core/Src/sysmem.o
 .ARM.attributes
                0x00000126       0x34 ./Core/Src/system_stm32f4xx.o
 .ARM.attributes
                0x0000015a       0x21 ./Core/Startup/startup_stm32f407vgtx.o
 .ARM.attributes
                0x0000017b       0x34 ./Drivers/STM32F4xx_HAL_Driver/Src/stm32f4xx_hal.o
 .ARM.attributes
                0x000001af       0x34 ./Drivers/STM32F4xx_HAL_Driver/Src/stm32f4xx_hal_cortex.o
 .ARM.attributes
                0x000001e3       0x34 ./Drivers/STM32F4xx_HAL_Driver/Src/stm32f4xx_hal_gpio.o
 .ARM.attributes
                0x00000217       0x34 ./Drivers/STM32F4xx_HAL_Driver/Src/stm32f4xx_hal_hcd.o
 .ARM.attributes
                0x0000024b       0x34 ./Drivers/STM32F4xx_HAL_Driver/Src/stm32f4xx_hal_i2c.o
 .ARM.attributes
                0x0000027f       0x34 ./Drivers/STM32F4xx_HAL_Driver/Src/stm32f4xx_hal_i2s.o
 .ARM.attributes
                0x000002b3       0x34 ./Drivers/STM32F4xx_HAL_Driver/Src/stm32f4xx_hal_i2s_ex.o
 .ARM.attributes
                0x000002e7       0x34 ./Drivers/STM32F4xx_HAL_Driver/Src/stm32f4xx_hal_rcc.o
 .ARM.attributes
                0x0000031b       0x34 ./Drivers/STM32F4xx_HAL_Driver/Src/stm32f4xx_hal_rcc_ex.o
 .ARM.attributes
                0x0000034f       0x34 ./Drivers/STM32F4xx_HAL_Driver/Src/stm32f4xx_hal_spi.o
 .ARM.attributes
                0x00000383       0x34 ./Drivers/STM32F4xx_HAL_Driver/Src/stm32f4xx_hal_uart.o
 .ARM.attributes
                0x000003b7       0x34 ./Drivers/STM32F4xx_HAL_Driver/Src/stm32f4xx_ll_usb.o
 .ARM.attributes
                0x000003eb       0x34 ./Drivers/STM32F4xx_HAL_Driver/Src/tm_stm32_delay.o
 .ARM.attributes
                0x0000041f       0x34 ./Drivers/STM32F4xx_HAL_Driver/Src/tm_stm32_disco.o
 .ARM.attributes
                0x00000453       0x34 ./Drivers/STM32F4xx_HAL_Driver/Src/tm_stm32_gpio.o
 .ARM.attributes
                0x00000487       0x34 ./Drivers/STM32F4xx_HAL_Driver/Src/tm_stm32_lis302dl_lis3dsh.o
 .ARM.attributes
                0x000004bb       0x34 ./Drivers/STM32F4xx_HAL_Driver/Src/tm_stm32_spi.o
 .ARM.attributes
                0x000004ef       0x34 ./Middlewares/ST/STM32_USB_Host_Library/Class/CDC/Src/usbh_cdc.o
 .ARM.attributes
                0x00000523       0x34 ./Middlewares/ST/STM32_USB_Host_Library/Core/Src/usbh_core.o
 .ARM.attributes
                0x00000557       0x34 ./Middlewares/ST/STM32_USB_Host_Library/Core/Src/usbh_ctlreq.o
 .ARM.attributes
                0x0000058b       0x34 ./Middlewares/ST/STM32_USB_Host_Library/Core/Src/usbh_ioreq.o
 .ARM.attributes
                0x000005bf       0x34 ./Middlewares/ST/STM32_USB_Host_Library/Core/Src/usbh_pipes.o
 .ARM.attributes
                0x000005f3       0x34 ./USB_HOST/App/usb_host.o
 .ARM.attributes
                0x00000627       0x34 ./USB_HOST/Target/usbh_conf.o
 .ARM.attributes
                0x0000065b       0x34 ./USB_HOST/Target/usbh_platform.o
 .ARM.attributes
                0x0000068f       0x34 C:/ST/STM32CubeIDE_1.15.0/STM32CubeIDE/plugins/com.st.stm32cube.ide.mcu.externaltools.gnu-tools-for-stm32.12.3.rel1.win32_1.0.100.202403111256/tools/bin/../lib/gcc/arm-none-eabi/12.3.1/../../../../arm-none-eabi/lib/thumb/v7e-m+fp/hard\libc_nano.a(libc_a-malloc.o)
 .ARM.attributes
                0x000006c3       0x34 C:/ST/STM32CubeIDE_1.15.0/STM32CubeIDE/plugins/com.st.stm32cube.ide.mcu.externaltools.gnu-tools-for-stm32.12.3.rel1.win32_1.0.100.202403111256/tools/bin/../lib/gcc/arm-none-eabi/12.3.1/../../../../arm-none-eabi/lib/thumb/v7e-m+fp/hard\libc_nano.a(libc_a-mallocr.o)
 .ARM.attributes
                0x000006f7       0x34 C:/ST/STM32CubeIDE_1.15.0/STM32CubeIDE/plugins/com.st.stm32cube.ide.mcu.externaltools.gnu-tools-for-stm32.12.3.rel1.win32_1.0.100.202403111256/tools/bin/../lib/gcc/arm-none-eabi/12.3.1/../../../../arm-none-eabi/lib/thumb/v7e-m+fp/hard\libc_nano.a(libc_a-mlock.o)
 .ARM.attributes
                0x0000072b       0x34 C:/ST/STM32CubeIDE_1.15.0/STM32CubeIDE/plugins/com.st.stm32cube.ide.mcu.externaltools.gnu-tools-for-stm32.12.3.rel1.win32_1.0.100.202403111256/tools/bin/../lib/gcc/arm-none-eabi/12.3.1/../../../../arm-none-eabi/lib/thumb/v7e-m+fp/hard\libc_nano.a(libc_a-findfp.o)
 .ARM.attributes
                0x0000075f       0x34 C:/ST/STM32CubeIDE_1.15.0/STM32CubeIDE/plugins/com.st.stm32cube.ide.mcu.externaltools.gnu-tools-for-stm32.12.3.rel1.win32_1.0.100.202403111256/tools/bin/../lib/gcc/arm-none-eabi/12.3.1/../../../../arm-none-eabi/lib/thumb/v7e-m+fp/hard\libc_nano.a(libc_a-memset.o)
 .ARM.attributes
                0x00000793       0x34 C:/ST/STM32CubeIDE_1.15.0/STM32CubeIDE/plugins/com.st.stm32cube.ide.mcu.externaltools.gnu-tools-for-stm32.12.3.rel1.win32_1.0.100.202403111256/tools/bin/../lib/gcc/arm-none-eabi/12.3.1/../../../../arm-none-eabi/lib/thumb/v7e-m+fp/hard\libc_nano.a(libc_a-reent.o)
 .ARM.attributes
                0x000007c7       0x34 C:/ST/STM32CubeIDE_1.15.0/STM32CubeIDE/plugins/com.st.stm32cube.ide.mcu.externaltools.gnu-tools-for-stm32.12.3.rel1.win32_1.0.100.202403111256/tools/bin/../lib/gcc/arm-none-eabi/12.3.1/../../../../arm-none-eabi/lib/thumb/v7e-m+fp/hard\libc_nano.a(libc_a-impure.o)
 .ARM.attributes
                0x000007fb       0x34 C:/ST/STM32CubeIDE_1.15.0/STM32CubeIDE/plugins/com.st.stm32cube.ide.mcu.externaltools.gnu-tools-for-stm32.12.3.rel1.win32_1.0.100.202403111256/tools/bin/../lib/gcc/arm-none-eabi/12.3.1/../../../../arm-none-eabi/lib/thumb/v7e-m+fp/hard\libc_nano.a(libc_a-sbrkr.o)
 .ARM.attributes
                0x0000082f       0x34 C:/ST/STM32CubeIDE_1.15.0/STM32CubeIDE/plugins/com.st.stm32cube.ide.mcu.externaltools.gnu-tools-for-stm32.12.3.rel1.win32_1.0.100.202403111256/tools/bin/../lib/gcc/arm-none-eabi/12.3.1/../../../../arm-none-eabi/lib/thumb/v7e-m+fp/hard\libc_nano.a(libc_a-errno.o)
 .ARM.attributes
                0x00000863       0x34 C:/ST/STM32CubeIDE_1.15.0/STM32CubeIDE/plugins/com.st.stm32cube.ide.mcu.externaltools.gnu-tools-for-stm32.12.3.rel1.win32_1.0.100.202403111256/tools/bin/../lib/gcc/arm-none-eabi/12.3.1/../../../../arm-none-eabi/lib/thumb/v7e-m+fp/hard\libc_nano.a(libc_a-init.o)
 .ARM.attributes
                0x00000897       0x34 C:/ST/STM32CubeIDE_1.15.0/STM32CubeIDE/plugins/com.st.stm32cube.ide.mcu.externaltools.gnu-tools-for-stm32.12.3.rel1.win32_1.0.100.202403111256/tools/bin/../lib/gcc/arm-none-eabi/12.3.1/../../../../arm-none-eabi/lib/thumb/v7e-m+fp/hard\libc_nano.a(libc_a-lock.o)
 .ARM.attributes
                0x000008cb       0x34 C:/ST/STM32CubeIDE_1.15.0/STM32CubeIDE/plugins/com.st.stm32cube.ide.mcu.externaltools.gnu-tools-for-stm32.12.3.rel1.win32_1.0.100.202403111256/tools/bin/../lib/gcc/arm-none-eabi/12.3.1/../../../../arm-none-eabi/lib/thumb/v7e-m+fp/hard\libc_nano.a(libc_a-freer.o)
 .ARM.attributes
                0x000008ff       0x22 C:/ST/STM32CubeIDE_1.15.0/STM32CubeIDE/plugins/com.st.stm32cube.ide.mcu.externaltools.gnu-tools-for-stm32.12.3.rel1.win32_1.0.100.202403111256/tools/bin/../lib/gcc/arm-none-eabi/12.3.1/thumb/v7e-m+fp/hard\libgcc.a(_aeabi_uldivmod.o)
 .ARM.attributes
                0x00000921       0x34 C:/ST/STM32CubeIDE_1.15.0/STM32CubeIDE/plugins/com.st.stm32cube.ide.mcu.externaltools.gnu-tools-for-stm32.12.3.rel1.win32_1.0.100.202403111256/tools/bin/../lib/gcc/arm-none-eabi/12.3.1/thumb/v7e-m+fp/hard\libgcc.a(_udivmoddi4.o)
 .ARM.attributes
                0x00000955       0x22 C:/ST/STM32CubeIDE_1.15.0/STM32CubeIDE/plugins/com.st.stm32cube.ide.mcu.externaltools.gnu-tools-for-stm32.12.3.rel1.win32_1.0.100.202403111256/tools/bin/../lib/gcc/arm-none-eabi/12.3.1/thumb/v7e-m+fp/hard\libgcc.a(_dvmd_tls.o)
 .ARM.attributes
                0x00000977       0x22 C:/ST/STM32CubeIDE_1.15.0/STM32CubeIDE/plugins/com.st.stm32cube.ide.mcu.externaltools.gnu-tools-for-stm32.12.3.rel1.win32_1.0.100.202403111256/tools/bin/../lib/gcc/arm-none-eabi/12.3.1/thumb/v7e-m+fp/hard/crtn.o
OUTPUT(accelerometer.elf elf32-littlearm)
LOAD linker stubs
LOAD C:/ST/STM32CubeIDE_1.15.0/STM32CubeIDE/plugins/com.st.stm32cube.ide.mcu.externaltools.gnu-tools-for-stm32.12.3.rel1.win32_1.0.100.202403111256/tools/bin/../lib/gcc/arm-none-eabi/12.3.1/../../../../arm-none-eabi/lib/thumb/v7e-m+fp/hard\libc.a
LOAD C:/ST/STM32CubeIDE_1.15.0/STM32CubeIDE/plugins/com.st.stm32cube.ide.mcu.externaltools.gnu-tools-for-stm32.12.3.rel1.win32_1.0.100.202403111256/tools/bin/../lib/gcc/arm-none-eabi/12.3.1/../../../../arm-none-eabi/lib/thumb/v7e-m+fp/hard\libm.a
LOAD C:/ST/STM32CubeIDE_1.15.0/STM32CubeIDE/plugins/com.st.stm32cube.ide.mcu.externaltools.gnu-tools-for-stm32.12.3.rel1.win32_1.0.100.202403111256/tools/bin/../lib/gcc/arm-none-eabi/12.3.1/thumb/v7e-m+fp/hard\libgcc.a

.debug_info     0x00000000    0x1a817
 .debug_info    0x00000000     0x15be ./Core/Src/main.o
 .debug_info    0x000015be     0x12ad ./Core/Src/stm32f4xx_hal_msp.o
 .debug_info    0x0000286b      0x6a5 ./Core/Src/stm32f4xx_it.o
 .debug_info    0x00002f10      0x168 ./Core/Src/sysmem.o
 .debug_info    0x00003078      0x512 ./Core/Src/system_stm32f4xx.o
 .debug_info    0x0000358a       0x30 ./Core/Startup/startup_stm32f407vgtx.o
 .debug_info    0x000035ba      0x944 ./Drivers/STM32F4xx_HAL_Driver/Src/stm32f4xx_hal.o
 .debug_info    0x00003efe      0xd57 ./Drivers/STM32F4xx_HAL_Driver/Src/stm32f4xx_hal_cortex.o
 .debug_info    0x00004c55      0x6c3 ./Drivers/STM32F4xx_HAL_Driver/Src/stm32f4xx_hal_gpio.o
 .debug_info    0x00005318     0x114c ./Drivers/STM32F4xx_HAL_Driver/Src/stm32f4xx_hal_hcd.o
 .debug_info    0x00006464     0x2415 ./Drivers/STM32F4xx_HAL_Driver/Src/stm32f4xx_hal_i2c.o
 .debug_info    0x00008879      0xdf8 ./Drivers/STM32F4xx_HAL_Driver/Src/stm32f4xx_hal_i2s.o
 .debug_info    0x00009671      0xaeb ./Drivers/STM32F4xx_HAL_Driver/Src/stm32f4xx_hal_i2s_ex.o
 .debug_info    0x0000a15c      0x8b1 ./Drivers/STM32F4xx_HAL_Driver/Src/stm32f4xx_hal_rcc.o
 .debug_info    0x0000aa0d      0x53a ./Drivers/STM32F4xx_HAL_Driver/Src/stm32f4xx_hal_rcc_ex.o
 .debug_info    0x0000af47     0x15fb ./Drivers/STM32F4xx_HAL_Driver/Src/stm32f4xx_hal_spi.o
 .debug_info    0x0000c542     0x2f4f ./Drivers/STM32F4xx_HAL_Driver/Src/stm32f4xx_hal_uart.o
 .debug_info    0x0000f491     0x1993 ./Drivers/STM32F4xx_HAL_Driver/Src/stm32f4xx_ll_usb.o
 .debug_info    0x00010e24      0x6c9 ./Drivers/STM32F4xx_HAL_Driver/Src/tm_stm32_delay.o
 .debug_info    0x000114ed      0x298 ./Drivers/STM32F4xx_HAL_Driver/Src/tm_stm32_disco.o
 .debug_info    0x00011785      0x7d9 ./Drivers/STM32F4xx_HAL_Driver/Src/tm_stm32_gpio.o
 .debug_info    0x00011f5e      0x750 ./Drivers/STM32F4xx_HAL_Driver/Src/tm_stm32_lis302dl_lis3dsh.o
 .debug_info    0x000126ae      0xe1a ./Drivers/STM32F4xx_HAL_Driver/Src/tm_stm32_spi.o
 .debug_info    0x000134c8     0x1470 ./Middlewares/ST/STM32_USB_Host_Library/Class/CDC/Src/usbh_cdc.o
 .debug_info    0x00014938      0xfb2 ./Middlewares/ST/STM32_USB_Host_Library/Core/Src/usbh_core.o
 .debug_info    0x000158ea      0xfa6 ./Middlewares/ST/STM32_USB_Host_Library/Core/Src/usbh_ctlreq.o
 .debug_info    0x00016890      0xc2b ./Middlewares/ST/STM32_USB_Host_Library/Core/Src/usbh_ioreq.o
 .debug_info    0x000174bb      0xa8e ./Middlewares/ST/STM32_USB_Host_Library/Core/Src/usbh_pipes.o
 .debug_info    0x00017f49      0xa10 ./USB_HOST/App/usb_host.o
 .debug_info    0x00018959     0x1ce6 ./USB_HOST/Target/usbh_conf.o
 .debug_info    0x0001a63f      0x1d8 ./USB_HOST/Target/usbh_platform.o

.debug_abbrev   0x00000000     0x4652
 .debug_abbrev  0x00000000      0x2e5 ./Core/Src/main.o
 .debug_abbrev  0x000002e5      0x229 ./Core/Src/stm32f4xx_hal_msp.o
 .debug_abbrev  0x0000050e      0x1a4 ./Core/Src/stm32f4xx_it.o
 .debug_abbrev  0x000006b2       0xbc ./Core/Src/sysmem.o
 .debug_abbrev  0x0000076e      0x11a ./Core/Src/system_stm32f4xx.o
 .debug_abbrev  0x00000888       0x24 ./Core/Startup/startup_stm32f407vgtx.o
 .debug_abbrev  0x000008ac      0x214 ./Drivers/STM32F4xx_HAL_Driver/Src/stm32f4xx_hal.o
 .debug_abbrev  0x00000ac0      0x328 ./Drivers/STM32F4xx_HAL_Driver/Src/stm32f4xx_hal_cortex.o
 .debug_abbrev  0x00000de8      0x1d4 ./Drivers/STM32F4xx_HAL_Driver/Src/stm32f4xx_hal_gpio.o
 .debug_abbrev  0x00000fbc      0x296 ./Drivers/STM32F4xx_HAL_Driver/Src/stm32f4xx_hal_hcd.o
 .debug_abbrev  0x00001252      0x2ad ./Drivers/STM32F4xx_HAL_Driver/Src/stm32f4xx_hal_i2c.o
 .debug_abbrev  0x000014ff      0x256 ./Drivers/STM32F4xx_HAL_Driver/Src/stm32f4xx_hal_i2s.o
 .debug_abbrev  0x00001755      0x288 ./Drivers/STM32F4xx_HAL_Driver/Src/stm32f4xx_hal_i2s_ex.o
 .debug_abbrev  0x000019dd      0x2b6 ./Drivers/STM32F4xx_HAL_Driver/Src/stm32f4xx_hal_rcc.o
 .debug_abbrev  0x00001c93      0x1af ./Drivers/STM32F4xx_HAL_Driver/Src/stm32f4xx_hal_rcc_ex.o
 .debug_abbrev  0x00001e42      0x284 ./Drivers/STM32F4xx_HAL_Driver/Src/stm32f4xx_hal_spi.o
 .debug_abbrev  0x000020c6      0x30e ./Drivers/STM32F4xx_HAL_Driver/Src/stm32f4xx_hal_uart.o
 .debug_abbrev  0x000023d4      0x2b3 ./Drivers/STM32F4xx_HAL_Driver/Src/stm32f4xx_ll_usb.o
 .debug_abbrev  0x00002687      0x2e4 ./Drivers/STM32F4xx_HAL_Driver/Src/tm_stm32_delay.o
 .debug_abbrev  0x0000296b      0x126 ./Drivers/STM32F4xx_HAL_Driver/Src/tm_stm32_disco.o
 .debug_abbrev  0x00002a91      0x1b8 ./Drivers/STM32F4xx_HAL_Driver/Src/tm_stm32_gpio.o
 .debug_abbrev  0x00002c49      0x1ed ./Drivers/STM32F4xx_HAL_Driver/Src/tm_stm32_lis302dl_lis3dsh.o
 .debug_abbrev  0x00002e36      0x2ad ./Drivers/STM32F4xx_HAL_Driver/Src/tm_stm32_spi.o
 .debug_abbrev  0x000030e3      0x33c ./Middlewares/ST/STM32_USB_Host_Library/Class/CDC/Src/usbh_cdc.o
 .debug_abbrev  0x0000341f      0x32a ./Middlewares/ST/STM32_USB_Host_Library/Core/Src/usbh_core.o
 .debug_abbrev  0x00003749      0x2ff ./Middlewares/ST/STM32_USB_Host_Library/Core/Src/usbh_ctlreq.o
 .debug_abbrev  0x00003a48      0x245 ./Middlewares/ST/STM32_USB_Host_Library/Core/Src/usbh_ioreq.o
 .debug_abbrev  0x00003c8d      0x281 ./Middlewares/ST/STM32_USB_Host_Library/Core/Src/usbh_pipes.o
 .debug_abbrev  0x00003f0e      0x26e ./USB_HOST/App/usb_host.o
 .debug_abbrev  0x0000417c      0x3c2 ./USB_HOST/Target/usbh_conf.o
 .debug_abbrev  0x0000453e      0x114 ./USB_HOST/Target/usbh_platform.o

.debug_aranges  0x00000000     0x15b0
 .debug_aranges
                0x00000000       0x60 ./Core/Src/main.o
 .debug_aranges
                0x00000060       0x60 ./Core/Src/stm32f4xx_hal_msp.o
 .debug_aranges
                0x000000c0       0x68 ./Core/Src/stm32f4xx_it.o
 .debug_aranges
                0x00000128       0x20 ./Core/Src/sysmem.o
 .debug_aranges
                0x00000148       0x28 ./Core/Src/system_stm32f4xx.o
 .debug_aranges
                0x00000170       0x28 ./Core/Startup/startup_stm32f407vgtx.o
 .debug_aranges
                0x00000198       0xf0 ./Drivers/STM32F4xx_HAL_Driver/Src/stm32f4xx_hal.o
 .debug_aranges
                0x00000288      0x120 ./Drivers/STM32F4xx_HAL_Driver/Src/stm32f4xx_hal_cortex.o
 .debug_aranges
                0x000003a8       0x58 ./Drivers/STM32F4xx_HAL_Driver/Src/stm32f4xx_hal_gpio.o
 .debug_aranges
                0x00000400      0x108 ./Drivers/STM32F4xx_HAL_Driver/Src/stm32f4xx_hal_hcd.o
 .debug_aranges
                0x00000508      0x2a8 ./Drivers/STM32F4xx_HAL_Driver/Src/stm32f4xx_hal_i2c.o
 .debug_aranges
                0x000007b0      0x108 ./Drivers/STM32F4xx_HAL_Driver/Src/stm32f4xx_hal_i2s.o
 .debug_aranges
                0x000008b8       0x88 ./Drivers/STM32F4xx_HAL_Driver/Src/stm32f4xx_hal_i2s_ex.o
 .debug_aranges
                0x00000940       0x88 ./Drivers/STM32F4xx_HAL_Driver/Src/stm32f4xx_hal_rcc.o
 .debug_aranges
                0x000009c8       0x48 ./Drivers/STM32F4xx_HAL_Driver/Src/stm32f4xx_hal_rcc_ex.o
 .debug_aranges
                0x00000a10      0x1d0 ./Drivers/STM32F4xx_HAL_Driver/Src/stm32f4xx_hal_spi.o
 .debug_aranges
                0x00000be0      0x208 ./Drivers/STM32F4xx_HAL_Driver/Src/stm32f4xx_hal_uart.o
 .debug_aranges
                0x00000de8      0x1a0 ./Drivers/STM32F4xx_HAL_Driver/Src/stm32f4xx_ll_usb.o
 .debug_aranges
                0x00000f88       0x78 ./Drivers/STM32F4xx_HAL_Driver/Src/tm_stm32_delay.o
 .debug_aranges
                0x00001000       0x38 ./Drivers/STM32F4xx_HAL_Driver/Src/tm_stm32_disco.o
 .debug_aranges
                0x00001038       0x98 ./Drivers/STM32F4xx_HAL_Driver/Src/tm_stm32_gpio.o
 .debug_aranges
                0x000010d0       0x78 ./Drivers/STM32F4xx_HAL_Driver/Src/tm_stm32_lis302dl_lis3dsh.o
 .debug_aranges
                0x00001148       0x98 ./Drivers/STM32F4xx_HAL_Driver/Src/tm_stm32_spi.o
 .debug_aranges
                0x000011e0       0xa8 ./Middlewares/ST/STM32_USB_Host_Library/Class/CDC/Src/usbh_cdc.o
 .debug_aranges
                0x00001288       0xc0 ./Middlewares/ST/STM32_USB_Host_Library/Core/Src/usbh_core.o
 .debug_aranges
                0x00001348       0xa0 ./Middlewares/ST/STM32_USB_Host_Library/Core/Src/usbh_ctlreq.o
 .debug_aranges
                0x000013e8       0x60 ./Middlewares/ST/STM32_USB_Host_Library/Core/Src/usbh_ioreq.o
 .debug_aranges
                0x00001448       0x40 ./Middlewares/ST/STM32_USB_Host_Library/Core/Src/usbh_pipes.o
 .debug_aranges
                0x00001488       0x30 ./USB_HOST/App/usb_host.o
 .debug_aranges
                0x000014b8       0xd8 ./USB_HOST/Target/usbh_conf.o
 .debug_aranges
                0x00001590       0x20 ./USB_HOST/Target/usbh_platform.o

.debug_rnglists
                0x00000000     0x10a4
 .debug_rnglists
                0x00000000       0x46 ./Core/Src/main.o
 .debug_rnglists
                0x00000046       0x47 ./Core/Src/stm32f4xx_hal_msp.o
 .debug_rnglists
                0x0000008d       0x49 ./Core/Src/stm32f4xx_it.o
 .debug_rnglists
                0x000000d6       0x13 ./Core/Src/sysmem.o
 .debug_rnglists
                0x000000e9       0x1a ./Core/Src/system_stm32f4xx.o
 .debug_rnglists
                0x00000103       0x19 ./Core/Startup/startup_stm32f407vgtx.o
 .debug_rnglists
                0x0000011c       0xaf ./Drivers/STM32F4xx_HAL_Driver/Src/stm32f4xx_hal.o
 .debug_rnglists
                0x000001cb       0xd4 ./Drivers/STM32F4xx_HAL_Driver/Src/stm32f4xx_hal_cortex.o
 .debug_rnglists
                0x0000029f       0x3f ./Drivers/STM32F4xx_HAL_Driver/Src/stm32f4xx_hal_gpio.o
 .debug_rnglists
                0x000002de       0xca ./Drivers/STM32F4xx_HAL_Driver/Src/stm32f4xx_hal_hcd.o
 .debug_rnglists
                0x000003a8      0x23c ./Drivers/STM32F4xx_HAL_Driver/Src/stm32f4xx_hal_i2c.o
 .debug_rnglists
                0x000005e4       0xcc ./Drivers/STM32F4xx_HAL_Driver/Src/stm32f4xx_hal_i2s.o
 .debug_rnglists
                0x000006b0       0x6a ./Drivers/STM32F4xx_HAL_Driver/Src/stm32f4xx_hal_i2s_ex.o
 .debug_rnglists
                0x0000071a       0x66 ./Drivers/STM32F4xx_HAL_Driver/Src/stm32f4xx_hal_rcc.o
 .debug_rnglists
                0x00000780       0x35 ./Drivers/STM32F4xx_HAL_Driver/Src/stm32f4xx_hal_rcc_ex.o
 .debug_rnglists
                0x000007b5      0x16f ./Drivers/STM32F4xx_HAL_Driver/Src/stm32f4xx_hal_spi.o
 .debug_rnglists
                0x00000924      0x1bc ./Drivers/STM32F4xx_HAL_Driver/Src/stm32f4xx_hal_uart.o
 .debug_rnglists
                0x00000ae0      0x147 ./Drivers/STM32F4xx_HAL_Driver/Src/stm32f4xx_ll_usb.o
 .debug_rnglists
                0x00000c27       0x58 ./Drivers/STM32F4xx_HAL_Driver/Src/tm_stm32_delay.o
 .debug_rnglists
                0x00000c7f       0x25 ./Drivers/STM32F4xx_HAL_Driver/Src/tm_stm32_disco.o
 .debug_rnglists
                0x00000ca4       0x70 ./Drivers/STM32F4xx_HAL_Driver/Src/tm_stm32_gpio.o
 .debug_rnglists
                0x00000d14       0x59 ./Drivers/STM32F4xx_HAL_Driver/Src/tm_stm32_lis302dl_lis3dsh.o
 .debug_rnglists
                0x00000d6d       0x75 ./Drivers/STM32F4xx_HAL_Driver/Src/tm_stm32_spi.o
 .debug_rnglists
                0x00000de2       0x7e ./Middlewares/ST/STM32_USB_Host_Library/Class/CDC/Src/usbh_cdc.o
 .debug_rnglists
                0x00000e60       0x8f ./Middlewares/ST/STM32_USB_Host_Library/Core/Src/usbh_core.o
 .debug_rnglists
                0x00000eef       0x77 ./Middlewares/ST/STM32_USB_Host_Library/Core/Src/usbh_ctlreq.o
 .debug_rnglists
                0x00000f66       0x43 ./Middlewares/ST/STM32_USB_Host_Library/Core/Src/usbh_ioreq.o
 .debug_rnglists
                0x00000fa9       0x2b ./Middlewares/ST/STM32_USB_Host_Library/Core/Src/usbh_pipes.o
 .debug_rnglists
                0x00000fd4       0x1f ./USB_HOST/App/usb_host.o
 .debug_rnglists
                0x00000ff3       0x9e ./USB_HOST/Target/usbh_conf.o
 .debug_rnglists
                0x00001091       0x13 ./USB_HOST/Target/usbh_platform.o

.debug_macro    0x00000000    0x25670
 .debug_macro   0x00000000      0x3b8 ./Core/Src/main.o
 .debug_macro   0x000003b8      0xab4 ./Core/Src/main.o
 .debug_macro   0x00000e6c      0x2ad ./Core/Src/main.o
 .debug_macro   0x00001119       0x2e ./Core/Src/main.o
 .debug_macro   0x00001147       0x2f ./Core/Src/main.o
 .debug_macro   0x00001176       0x22 ./Core/Src/main.o
 .debug_macro   0x00001198       0x8e ./Core/Src/main.o
 .debug_macro   0x00001226       0x51 ./Core/Src/main.o
 .debug_macro   0x00001277      0x103 ./Core/Src/main.o
 .debug_macro   0x0000137a       0x6a ./Core/Src/main.o
 .debug_macro   0x000013e4      0x1df ./Core/Src/main.o
 .debug_macro   0x000015c3       0x1c ./Core/Src/main.o
 .debug_macro   0x000015df       0x22 ./Core/Src/main.o
 .debug_macro   0x00001601       0xfb ./Core/Src/main.o
 .debug_macro   0x000016fc     0x1011 ./Core/Src/main.o
 .debug_macro   0x0000270d      0x11f ./Core/Src/main.o
 .debug_macro   0x0000282c    0x15e97 ./Core/Src/main.o
 .debug_macro   0x000186c3       0x6d ./Core/Src/main.o
 .debug_macro   0x00018730     0x368c ./Core/Src/main.o
 .debug_macro   0x0001bdbc      0x189 ./Core/Src/main.o
 .debug_macro   0x0001bf45       0x5c ./Core/Src/main.o
 .debug_macro   0x0001bfa1      0x980 ./Core/Src/main.o
 .debug_macro   0x0001c921      0x9e9 ./Core/Src/main.o
 .debug_macro   0x0001d30a      0x115 ./Core/Src/main.o
 .debug_macro   0x0001d41f      0x13e ./Core/Src/main.o
 .debug_macro   0x0001d55d       0xa5 ./Core/Src/main.o
 .debug_macro   0x0001d602      0x174 ./Core/Src/main.o
 .debug_macro   0x0001d776      0x287 ./Core/Src/main.o
 .debug_macro   0x0001d9fd       0x5f ./Core/Src/main.o
 .debug_macro   0x0001da5c      0x236 ./Core/Src/main.o
 .debug_macro   0x0001dc92      0x12c ./Core/Src/main.o
 .debug_macro   0x0001ddbe      0x21e ./Core/Src/main.o
 .debug_macro   0x0001dfdc       0x2e ./Core/Src/main.o
 .debug_macro   0x0001e00a      0x1b5 ./Core/Src/main.o
 .debug_macro   0x0001e1bf       0xd6 ./Core/Src/main.o
 .debug_macro   0x0001e295      0x1a7 ./Core/Src/main.o
 .debug_macro   0x0001e43c       0x46 ./Core/Src/main.o
 .debug_macro   0x0001e482       0x4a ./Core/Src/main.o
 .debug_macro   0x0001e4cc      0x127 ./Core/Src/main.o
 .debug_macro   0x0001e5f3       0x7e ./Core/Src/main.o
 .debug_macro   0x0001e671       0x89 ./Core/Src/main.o
 .debug_macro   0x0001e6fa      0x225 ./Core/Src/main.o
 .debug_macro   0x0001e91f      0x2aa ./Core/Src/main.o
 .debug_macro   0x0001ebc9      0x293 ./Core/Src/main.o
 .debug_macro   0x0001ee5c       0x98 ./Core/Src/main.o
 .debug_macro   0x0001eef4      0x12d ./Core/Src/main.o
 .debug_macro   0x0001f021      0x178 ./Core/Src/main.o
 .debug_macro   0x0001f199       0x11 ./Core/Src/main.o
 .debug_macro   0x0001f1aa       0x22 ./Core/Src/main.o
 .debug_macro   0x0001f1cc       0xb3 ./Core/Src/main.o
 .debug_macro   0x0001f27f       0x90 ./Core/Src/main.o
 .debug_macro   0x0001f30f       0x2a ./Core/Src/main.o
 .debug_macro   0x0001f339       0x61 ./Core/Src/main.o
 .debug_macro   0x0001f39a       0x43 ./Core/Src/main.o
 .debug_macro   0x0001f3dd       0x34 ./Core/Src/main.o
 .debug_macro   0x0001f411       0x16 ./Core/Src/main.o
 .debug_macro   0x0001f427       0x35 ./Core/Src/main.o
 .debug_macro   0x0001f45c       0x16 ./Core/Src/main.o
 .debug_macro   0x0001f472       0x43 ./Core/Src/main.o
 .debug_macro   0x0001f4b5       0x34 ./Core/Src/main.o
 .debug_macro   0x0001f4e9       0x10 ./Core/Src/main.o
 .debug_macro   0x0001f4f9       0x58 ./Core/Src/main.o
 .debug_macro   0x0001f551       0x8e ./Core/Src/main.o
 .debug_macro   0x0001f5df       0x1c ./Core/Src/main.o
 .debug_macro   0x0001f5fb      0x177 ./Core/Src/main.o
 .debug_macro   0x0001f772      0x369 ./Core/Src/main.o
 .debug_macro   0x0001fadb       0x16 ./Core/Src/main.o
 .debug_macro   0x0001faf1       0x29 ./Core/Src/main.o
 .debug_macro   0x0001fb1a       0x32 ./Core/Src/main.o
 .debug_macro   0x0001fb4c       0xf9 ./Core/Src/main.o
 .debug_macro   0x0001fc45      0x1d3 ./Core/Src/main.o
 .debug_macro   0x0001fe18       0x1c ./Core/Src/main.o
 .debug_macro   0x0001fe34       0x10 ./Core/Src/main.o
 .debug_macro   0x0001fe44       0x1c ./Core/Src/main.o
 .debug_macro   0x0001fe60       0x16 ./Core/Src/main.o
 .debug_macro   0x0001fe76      0x146 ./Core/Src/main.o
 .debug_macro   0x0001ffbc      0x21f ./Core/Src/stm32f4xx_hal_msp.o
 .debug_macro   0x000201db      0x229 ./Core/Src/stm32f4xx_it.o
 .debug_macro   0x00020404       0xff ./Core/Src/sysmem.o
 .debug_macro   0x00020503      0x23c ./Core/Src/sysmem.o
 .debug_macro   0x0002073f      0x210 ./Core/Src/system_stm32f4xx.o
 .debug_macro   0x0002094f      0x270 ./Drivers/STM32F4xx_HAL_Driver/Src/stm32f4xx_hal.o
 .debug_macro   0x00020bbf      0x210 ./Drivers/STM32F4xx_HAL_Driver/Src/stm32f4xx_hal_cortex.o
 .debug_macro   0x00020dcf      0x216 ./Drivers/STM32F4xx_HAL_Driver/Src/stm32f4xx_hal_gpio.o
 .debug_macro   0x00020fe5      0x210 ./Drivers/STM32F4xx_HAL_Driver/Src/stm32f4xx_hal_hcd.o
 .debug_macro   0x000211f5      0x25e ./Drivers/STM32F4xx_HAL_Driver/Src/stm32f4xx_hal_i2c.o
 .debug_macro   0x00021453      0x218 ./Drivers/STM32F4xx_HAL_Driver/Src/stm32f4xx_hal_i2s.o
 .debug_macro   0x0002166b      0x210 ./Drivers/STM32F4xx_HAL_Driver/Src/stm32f4xx_hal_i2s_ex.o
 .debug_macro   0x0002187b      0x234 ./Drivers/STM32F4xx_HAL_Driver/Src/stm32f4xx_hal_rcc.o
 .debug_macro   0x00021aaf      0x210 ./Drivers/STM32F4xx_HAL_Driver/Src/stm32f4xx_hal_rcc_ex.o
 .debug_macro   0x00021cbf      0x21f ./Drivers/STM32F4xx_HAL_Driver/Src/stm32f4xx_hal_spi.o
 .debug_macro   0x00021ede      0x211 ./Drivers/STM32F4xx_HAL_Driver/Src/stm32f4xx_hal_uart.o
 .debug_macro   0x000220ef      0x210 ./Drivers/STM32F4xx_HAL_Driver/Src/stm32f4xx_ll_usb.o
 .debug_macro   0x000222ff      0x32a ./Drivers/STM32F4xx_HAL_Driver/Src/tm_stm32_delay.o
 .debug_macro   0x00022629      0x25f ./Drivers/STM32F4xx_HAL_Driver/Src/tm_stm32_disco.o